Archive member included to satisfy reference by file (symbol)

D:/STM32CubeIDE_1.13.1/STM32CubeIDE/plugins/com.st.stm32cube.ide.mcu.externaltools.gnu-tools-for-stm32.11.3.rel1.win32_1.1.0.202305231506/tools/bin/../lib/gcc/arm-none-eabi/11.3.1/../../../../arm-none-eabi/lib/thumb/v7-m/nofp\libc_nano.a(libc_a-exit.o)
                              D:/STM32CubeIDE_1.13.1/STM32CubeIDE/plugins/com.st.stm32cube.ide.mcu.externaltools.gnu-tools-for-stm32.11.3.rel1.win32_1.1.0.202305231506/tools/bin/../lib/gcc/arm-none-eabi/11.3.1/../../../../arm-none-eabi/lib/thumb/v7-m/nofp/crt0.o (exit)
D:/STM32CubeIDE_1.13.1/STM32CubeIDE/plugins/com.st.stm32cube.ide.mcu.externaltools.gnu-tools-for-stm32.11.3.rel1.win32_1.1.0.202305231506/tools/bin/../lib/gcc/arm-none-eabi/11.3.1/../../../../arm-none-eabi/lib/thumb/v7-m/nofp\libc_nano.a(libc_a-findfp.o)
                              D:/STM32CubeIDE_1.13.1/STM32CubeIDE/plugins/com.st.stm32cube.ide.mcu.externaltools.gnu-tools-for-stm32.11.3.rel1.win32_1.1.0.202305231506/tools/bin/../lib/gcc/arm-none-eabi/11.3.1/../../../../arm-none-eabi/lib/thumb/v7-m/nofp\libc_nano.a(libc_a-exit.o) (__stdio_exit_handler)
D:/STM32CubeIDE_1.13.1/STM32CubeIDE/plugins/com.st.stm32cube.ide.mcu.externaltools.gnu-tools-for-stm32.11.3.rel1.win32_1.1.0.202305231506/tools/bin/../lib/gcc/arm-none-eabi/11.3.1/../../../../arm-none-eabi/lib/thumb/v7-m/nofp\libc_nano.a(libc_a-fwalk.o)
                              D:/STM32CubeIDE_1.13.1/STM32CubeIDE/plugins/com.st.stm32cube.ide.mcu.externaltools.gnu-tools-for-stm32.11.3.rel1.win32_1.1.0.202305231506/tools/bin/../lib/gcc/arm-none-eabi/11.3.1/../../../../arm-none-eabi/lib/thumb/v7-m/nofp\libc_nano.a(libc_a-findfp.o) (_fwalk_sglue)
D:/STM32CubeIDE_1.13.1/STM32CubeIDE/plugins/com.st.stm32cube.ide.mcu.externaltools.gnu-tools-for-stm32.11.3.rel1.win32_1.1.0.202305231506/tools/bin/../lib/gcc/arm-none-eabi/11.3.1/../../../../arm-none-eabi/lib/thumb/v7-m/nofp\libc_nano.a(libc_a-printf.o)
                              ./Core/Src/fsm_automatic.o (printf)
D:/STM32CubeIDE_1.13.1/STM32CubeIDE/plugins/com.st.stm32cube.ide.mcu.externaltools.gnu-tools-for-stm32.11.3.rel1.win32_1.1.0.202305231506/tools/bin/../lib/gcc/arm-none-eabi/11.3.1/../../../../arm-none-eabi/lib/thumb/v7-m/nofp\libc_nano.a(libc_a-puts.o)
                              ./Core/Src/fsm_automatic.o (puts)
D:/STM32CubeIDE_1.13.1/STM32CubeIDE/plugins/com.st.stm32cube.ide.mcu.externaltools.gnu-tools-for-stm32.11.3.rel1.win32_1.1.0.202305231506/tools/bin/../lib/gcc/arm-none-eabi/11.3.1/../../../../arm-none-eabi/lib/thumb/v7-m/nofp\libc_nano.a(libc_a-stdio.o)
                              D:/STM32CubeIDE_1.13.1/STM32CubeIDE/plugins/com.st.stm32cube.ide.mcu.externaltools.gnu-tools-for-stm32.11.3.rel1.win32_1.1.0.202305231506/tools/bin/../lib/gcc/arm-none-eabi/11.3.1/../../../../arm-none-eabi/lib/thumb/v7-m/nofp\libc_nano.a(libc_a-findfp.o) (__sread)
D:/STM32CubeIDE_1.13.1/STM32CubeIDE/plugins/com.st.stm32cube.ide.mcu.externaltools.gnu-tools-for-stm32.11.3.rel1.win32_1.1.0.202305231506/tools/bin/../lib/gcc/arm-none-eabi/11.3.1/../../../../arm-none-eabi/lib/thumb/v7-m/nofp\libc_nano.a(libc_a-wbuf.o)
                              D:/STM32CubeIDE_1.13.1/STM32CubeIDE/plugins/com.st.stm32cube.ide.mcu.externaltools.gnu-tools-for-stm32.11.3.rel1.win32_1.1.0.202305231506/tools/bin/../lib/gcc/arm-none-eabi/11.3.1/../../../../arm-none-eabi/lib/thumb/v7-m/nofp\libc_nano.a(libc_a-puts.o) (__swbuf_r)
D:/STM32CubeIDE_1.13.1/STM32CubeIDE/plugins/com.st.stm32cube.ide.mcu.externaltools.gnu-tools-for-stm32.11.3.rel1.win32_1.1.0.202305231506/tools/bin/../lib/gcc/arm-none-eabi/11.3.1/../../../../arm-none-eabi/lib/thumb/v7-m/nofp\libc_nano.a(libc_a-wsetup.o)
                              D:/STM32CubeIDE_1.13.1/STM32CubeIDE/plugins/com.st.stm32cube.ide.mcu.externaltools.gnu-tools-for-stm32.11.3.rel1.win32_1.1.0.202305231506/tools/bin/../lib/gcc/arm-none-eabi/11.3.1/../../../../arm-none-eabi/lib/thumb/v7-m/nofp\libc_nano.a(libc_a-puts.o) (__swsetup_r)
D:/STM32CubeIDE_1.13.1/STM32CubeIDE/plugins/com.st.stm32cube.ide.mcu.externaltools.gnu-tools-for-stm32.11.3.rel1.win32_1.1.0.202305231506/tools/bin/../lib/gcc/arm-none-eabi/11.3.1/../../../../arm-none-eabi/lib/thumb/v7-m/nofp\libc_nano.a(libc_a-memset.o)
                              D:/STM32CubeIDE_1.13.1/STM32CubeIDE/plugins/com.st.stm32cube.ide.mcu.externaltools.gnu-tools-for-stm32.11.3.rel1.win32_1.1.0.202305231506/tools/bin/../lib/gcc/arm-none-eabi/11.3.1/../../../../arm-none-eabi/lib/thumb/v7-m/nofp/crt0.o (memset)
D:/STM32CubeIDE_1.13.1/STM32CubeIDE/plugins/com.st.stm32cube.ide.mcu.externaltools.gnu-tools-for-stm32.11.3.rel1.win32_1.1.0.202305231506/tools/bin/../lib/gcc/arm-none-eabi/11.3.1/../../../../arm-none-eabi/lib/thumb/v7-m/nofp\libc_nano.a(libc_a-closer.o)
[...]
Memory Configuration

Name             Origin             Length             Attributes
RAM              0x0000000020000000 0x0000000000005000 xrw
FLASH            0x0000000008000000 0x0000000000020000 xr
*default*        0x0000000000000000 0xffffffffffffffff

Linker script and memory map

LOAD D:/STM32CubeIDE_1.13.1/STM32CubeIDE/plugins/com.st.stm32cube.ide.mcu.externaltools.gnu-tools-for-stm32.11.3.rel1.win32_1.1.0.202305231506/tools/bin/../lib/gcc/arm-none-eabi/11.3.1/thumb/v7-m/nofp/crti.o
LOAD D:/STM32CubeIDE_1.13.1/STM32CubeIDE/plugins/com.st.stm32cube.ide.mcu.externaltools.gnu-tools-for-stm32.11.3.rel1.win32_1.1.0.202305231506/tools/bin/../lib/gcc/arm-none-eabi/11.3.1/thumb/v7-m/nofp/crtbegin.o
LOAD D:/STM32CubeIDE_1.13.1/STM32CubeIDE/plugins/com.st.stm32cube.ide.mcu.externaltools.gnu-tools-for-stm32.11.3.rel1.win32_1.1.0.202305231506/tools/bin/../lib/gcc/arm-none-eabi/11.3.1/../../../../arm-none-eabi/lib/thumb/v7-m/nofp/crt0.o
LOAD ./Core/Src/button.o
LOAD ./Core/Src/fsm_automatic.o
LOAD ./Core/Src/fsm_manual.o
LOAD ./Core/Src/global.o
LOAD ./Core/Src/main.o
LOAD ./Core/Src/scheduler.o
LOAD ./Core/Src/software_timer.o
LOAD ./Core/Src/stm32f1xx_hal_msp.o
LOAD ./Core/Src/stm32f1xx_it.o
LOAD ./Core/Src/syscalls.o
LOAD ./Core/Src/sysmem.o
LOAD ./Core/Src/system_stm32f1xx.o
LOAD ./Core/Startup/startup_stm32f103rbtx.o
LOAD ./Drivers/STM32F1xx_HAL_Driver/Src/stm32f1xx_hal.o
LOAD ./Drivers/STM32F1xx_HAL_Driver/Src/stm32f1xx_hal_cortex.o
LOAD ./Drivers/STM32F1xx_HAL_Driver/Src/stm32f1xx_hal_dma.o
LOAD ./Drivers/STM32F1xx_HAL_Driver/Src/stm32f1xx_hal_exti.o
LOAD ./Drivers/STM32F1xx_HAL_Driver/Src/stm32f1xx_hal_flash.o
LOAD ./Drivers/STM32F1xx_HAL_Driver/Src/stm32f1xx_hal_flash_ex.o
LOAD ./Drivers/STM32F1xx_HAL_Driver/Src/stm32f1xx_hal_gpio.o
LOAD ./Drivers/STM32F1xx_HAL_Driver/Src/stm32f1xx_hal_gpio_ex.o
LOAD ./Drivers/STM32F1xx_HAL_Driver/Src/stm32f1xx_hal_pwr.o
LOAD ./Drivers/STM32F1xx_HAL_Driver/Src/stm32f1xx_hal_rcc.o
LOAD ./Drivers/STM32F1xx_HAL_Driver/Src/stm32f1xx_hal_rcc_ex.o
LOAD ./Drivers/STM32F1xx_HAL_Driver/Src/stm32f1xx_hal_tim.o
LOAD ./Drivers/STM32F1xx_HAL_Driver/Src/stm32f1xx_hal_tim_ex.o
LOAD ./Drivers/STM32F1xx_HAL_Driver/Src/stm32f1xx_hal_uart.o
START GROUP
LOAD D:/STM32CubeIDE_1.13.1/STM32CubeIDE/plugins/com.st.stm32cube.ide.mcu.externaltools.gnu-tools-for-stm32.11.3.rel1.win32_1.1.0.202305231506/tools/bin/../lib/gcc/arm-none-eabi/11.3.1/../../../../arm-none-eabi/lib/thumb/v7-m/nofp\libc_nano.a
LOAD D:/STM32CubeIDE_1.13.1/STM32CubeIDE/plugins/com.st.stm32cube.ide.mcu.externaltools.gnu-tools-for-stm32.11.3.rel1.win32_1.1.0.202305231506/tools/bin/../lib/gcc/arm-none-eabi/11.3.1/../../../../arm-none-eabi/lib/thumb/v7-m/nofp\libm.a
END GROUP
START GROUP
LOAD D:/STM32CubeIDE_1.13.1/STM32CubeIDE/plugins/com.st.stm32cube.ide.mcu.externaltools.gnu-tools-for-stm32.11.3.rel1.win32_1.1.0.202305231506/tools/bin/../lib/gcc/arm-none-eabi/11.3.1/thumb/v7-m/nofp\libgcc.a
LOAD D:/STM32CubeIDE_1.13.1/STM32CubeIDE/plugins/com.st.stm32cube.ide.mcu.externaltools.gnu-tools-for-stm32.11.3.rel1.win32_1.1.0.202305231506/tools/bin/../lib/gcc/arm-none-eabi/11.3.1/../../../../arm-none-eabi/lib/thumb/v7-m/nofp\libc_nano.a
END GROUP
START GROUP
LOAD D:/STM32CubeIDE_1.13.1/STM32CubeIDE/plugins/com.st.stm32cube.ide.mcu.externaltools.gnu-tools-for-stm32.11.3.rel1.win32_1.1.0.202305231506/tools/bin/../lib/gcc/arm-none-eabi/11.3.1/thumb/v7-m/nofp\libgcc.a
LOAD D:/STM32CubeIDE_1.13.1/STM32CubeIDE/plugins/com.st.stm32cube.ide.mcu.externaltools.gnu-tools-for-stm32.11.3.rel1.win32_1.1.0.202305231506/tools/bin/../lib/gcc/arm-none-eabi/11.3.1/../../../../arm-none-eabi/lib/thumb/v7-m/nofp\libc_nano.a
LOAD D:/STM32CubeIDE_1.13.1/STM32CubeIDE/plugins/com.st.stm32cube.ide.mcu.externaltools.gnu-tools-for-stm32.11.3.rel1.win32_1.1.0.202305231506/tools/bin/../lib/gcc/arm-none-eabi/11.3.1/../../../../arm-none-eabi/lib/thumb/v7-m/nofp\libnosys.a
END GROUP
START GROUP
LOAD D:/STM32CubeIDE_1.13.1/STM32CubeIDE/plugins/com.st.stm32cube.ide.mcu.externaltools.gnu-tools-for-stm32.11.3.rel1.win32_1.1.0.202305231506/tools/bin/../lib/gcc/arm-none-eabi/11.3.1/thumb/v7-m/nofp\libgcc.a
LOAD D:/STM32CubeIDE_1.13.1/STM32CubeIDE/plugins/com.st.stm32cube.ide.mcu.externaltools.gnu-tools-for-stm32.11.3.rel1.win32_1.1.0.202305231506/tools/bin/../lib/gcc/arm-none-eabi/11.3.1/../../../../arm-none-eabi/lib/thumb/v7-m/nofp\libc_nano.a
LOAD D:/STM32CubeIDE_1.13.1/STM32CubeIDE/plugins/com.st.stm32cube.ide.mcu.externaltools.gnu-tools-for-stm32.11.3.rel1.win32_1.1.0.202305231506/tools/bin/../lib/gcc/arm-none-eabi/11.3.1/../../../../arm-none-eabi/lib/thumb/v7-m/nofp\libnosys.a
END GROUP
LOAD D:/STM32CubeIDE_1.13.1/STM32CubeIDE/plugins/com.st.stm32cube.ide.mcu.externaltools.gnu-tools-for-stm32.11.3.rel1.win32_1.1.0.202305231506/tools/bin/../lib/gcc/arm-none-eabi/11.3.1/thumb/v7-m/nofp/crtend.o
LOAD D:/STM32CubeIDE_1.13.1/STM32CubeIDE/plugins/com.st.stm32cube.ide.mcu.externaltools.gnu-tools-for-stm32.11.3.rel1.win32_1.1.0.202305231506/tools/bin/../lib/gcc/arm-none-eabi/11.3.1/thumb/v7-m/nofp/crtn.o
                0x0000000020005000                _estack = (ORIGIN (RAM) + LENGTH (RAM))
                0x0000000000000200                _Min_Heap_Size = 0x200
                0x0000000000000400                _Min_Stack_Size = 0x400

.isr_vector     0x0000000008000000      0x10c
                0x0000000008000000                . = ALIGN (0x4)
 *(.isr_vector)
 .isr_vector    0x0000000008000000      0x10c ./Core/Startup/startup_stm32f103rbtx.o
                0x0000000008000000                g_pfnVectors
                0x000000000800010c                . = ALIGN (0x4)

.text           0x000000000800010c     0x49f0
                0x000000000800010c                . = ALIGN (0x4)
 *(.text)
 .text          0x000000000800010c       0x40 D:/STM32CubeIDE_1.13.1/STM32CubeIDE/plugins/com.st.stm32cube.ide.mcu.externaltools.gnu-tools-for-stm32.11.3.rel1.win32_1.1.0.202305231506/tools/bin/../lib/gcc/arm-none-eabi/11.3.1/thumb/v7-m/nofp/crtbegin.o
 *(.text*)
 .text.isButtonPressed
                0x000000000800014c       0x34 ./Core/Src/button.o
                0x000000000800014c                isButtonPressed
 .text.subKeyProcess
                0x0000000008000180       0x20 ./Core/Src/button.o
                0x0000000008000180                subKeyProcess
 .text.getKeyInput
                0x00000000080001a0      0x120 ./Core/Src/button.o
                0x00000000080001a0                getKeyInput
 .text.fsm_automatic_run
                0x00000000080002c0      0x5a8 ./Core/Src/fsm_automatic.o
                0x00000000080002c0                fsm_automatic_run
 .text.initializeDurationClones
                0x0000000008000868       0x3c ./Core/Src/fsm_manual.o
                0x0000000008000868                initializeDurationClones
 .text.fsm_manual_run
                0x00000000080008a4      0x2f8 ./Core/Src/fsm_manual.o
                0x00000000080008a4                fsm_manual_run
 .text.__io_putchar
                0x0000000008000b9c       0x24 ./Core/Src/global.o
                0x0000000008000b9c                __io_putchar
 .text.countDown
                0x0000000008000bc0       0x44 ./Core/Src/global.o
                0x0000000008000bc0                countDown
 .text.setInitialValue
                0x0000000008000c04       0x48 ./Core/Src/global.o
                0x0000000008000c04                setInitialValue
 .text.setHorizontalLeds
                0x0000000008000c4c       0x8c ./Core/Src/global.o
                0x0000000008000c4c                setHorizontalLeds
 .text.setVerticalLeds
                0x0000000008000cd8       0x98 ./Core/Src/global.o
                0x0000000008000cd8                setVerticalLeds
 .text.setPedesLeds
                0x0000000008000d70       0xa0 ./Core/Src/global.o
                0x0000000008000d70                setPedesLeds
 .text.wrapper  0x0000000008000e10       0x3e ./Core/Src/main.o
                0x0000000008000e10                wrapper
 .text.HAL_TIM_PeriodElapsedCallback
                0x0000000008000e4e       0x1e ./Core/Src/main.o
                0x0000000008000e4e                HAL_TIM_PeriodElapsedCallback
 .text.main     0x0000000008000e6c       0x4c ./Core/Src/main.o
                0x0000000008000e6c                main
 .text.SystemClock_Config
                0x0000000008000eb8       0x82 ./Core/Src/main.o
                0x0000000008000eb8                SystemClock_Config
 *fill*         0x0000000008000f3a        0x2 
 .text.MX_TIM2_Init
                0x0000000008000f3c       0x98 ./Core/Src/main.o
 .text.MX_TIM3_Init
                0x0000000008000fd4       0xec ./Core/Src/main.o
 .text.MX_USART2_UART_Init
                0x00000000080010c0       0x54 ./Core/Src/main.o
 .text.MX_GPIO_Init
                0x0000000008001114       0xdc ./Core/Src/main.o
 .text.Error_Handler
                0x00000000080011f0        0xa ./Core/Src/main.o
                0x00000000080011f0                Error_Handler
 *fill*         0x00000000080011fa        0x2 
 .text.SCH_Update
                0x00000000080011fc       0x50 ./Core/Src/scheduler.o
                0x00000000080011fc                SCH_Update
 .text.SCH_Add_Task
                0x000000000800124c      0x2ac ./Core/Src/scheduler.o
                0x000000000800124c                SCH_Add_Task
 .text.SCH_Delete_Task
                0x00000000080014f8      0x1e8 ./Core/Src/scheduler.o
                0x00000000080014f8                SCH_Delete_Task
 .text.SCH_Dispatch_Tasks
                0x00000000080016e0       0x50 ./Core/Src/scheduler.o
                0x00000000080016e0                SCH_Dispatch_Tasks
 .text.Get_New_Task_ID
                0x0000000008001730       0x30 ./Core/Src/scheduler.o
 .text.setTimer
                0x0000000008001760       0x30 ./Core/Src/software_timer.o
                0x0000000008001760                setTimer
 .text.timerRun
                0x0000000008001790       0x50 ./Core/Src/software_timer.o
                0x0000000008001790                timerRun
 .text.HAL_MspInit
                0x00000000080017e0       0x64 ./Core/Src/stm32f1xx_hal_msp.o
                0x00000000080017e0                HAL_MspInit
 .text.HAL_TIM_Base_MspInit
                0x0000000008001844       0x70 ./Core/Src/stm32f1xx_hal_msp.o
                0x0000000008001844                HAL_TIM_Base_MspInit
 .text.HAL_TIM_MspPostInit
                0x00000000080018b4       0x64 ./Core/Src/stm32f1xx_hal_msp.o
                0x00000000080018b4                HAL_TIM_MspPostInit
 .text.HAL_UART_MspInit
                0x0000000008001918       0x94 ./Core/Src/stm32f1xx_hal_msp.o
                0x0000000008001918                HAL_UART_MspInit
 .text.NMI_Handler
                0x00000000080019ac        0x6 ./Core/Src/stm32f1xx_it.o
                0x00000000080019ac                NMI_Handler
 .text.HardFault_Handler
                0x00000000080019b2        0x6 ./Core/Src/stm32f1xx_it.o
                0x00000000080019b2                HardFault_Handler
 .text.MemManage_Handler
                0x00000000080019b8        0x6 ./Core/Src/stm32f1xx_it.o
                0x00000000080019b8                MemManage_Handler
 .text.BusFault_Handler
                0x00000000080019be        0x6 ./Core/Src/stm32f1xx_it.o
                0x00000000080019be                BusFault_Handler
 .text.UsageFault_Handler
                0x00000000080019c4        0x6 ./Core/Src/stm32f1xx_it.o
                0x00000000080019c4                UsageFault_Handler
 .text.SVC_Handler
                0x00000000080019ca        0xc ./Core/Src/stm32f1xx_it.o
                0x00000000080019ca                SVC_Handler
 .text.DebugMon_Handler
                0x00000000080019d6        0xc ./Core/Src/stm32f1xx_it.o
                0x00000000080019d6                DebugMon_Handler
 .text.PendSV_Handler
                0x00000000080019e2        0xc ./Core/Src/stm32f1xx_it.o
                0x00000000080019e2                PendSV_Handler
 .text.SysTick_Handler
                0x00000000080019ee        0xc ./Core/Src/stm32f1xx_it.o
                0x00000000080019ee                SysTick_Handler
 *fill*         0x00000000080019fa        0x2 
 .text.TIM2_IRQHandler
                0x00000000080019fc       0x14 ./Core/Src/stm32f1xx_it.o
                0x00000000080019fc                TIM2_IRQHandler
 .text._read    0x0000000008001a10       0x3a ./Core/Src/syscalls.o
                0x0000000008001a10                _read
 .text._write   0x0000000008001a4a       0x38 ./Core/Src/syscalls.o
                0x0000000008001a4a                _write
 .text._close   0x0000000008001a82       0x16 ./Core/Src/syscalls.o
                0x0000000008001a82                _close
 .text._fstat   0x0000000008001a98       0x1e ./Core/Src/syscalls.o
                0x0000000008001a98                _fstat
 .text._isatty  0x0000000008001ab6       0x14 ./Core/Src/syscalls.o
                0x0000000008001ab6                _isatty
 .text._lseek   0x0000000008001aca       0x18 ./Core/Src/syscalls.o
                0x0000000008001aca                _lseek
 *fill*         0x0000000008001ae2        0x2 
 .text._sbrk    0x0000000008001ae4       0x6c ./Core/Src/sysmem.o
                0x0000000008001ae4                _sbrk
 .text.SystemInit
                0x0000000008001b50        0xc ./Core/Src/system_stm32f1xx.o
                0x0000000008001b50                SystemInit
 .text.Reset_Handler
                0x0000000008001b5c       0x48 ./Core/Startup/startup_stm32f103rbtx.o
                0x0000000008001b5c                Reset_Handler
 .text.Default_Handler
                0x0000000008001ba4        0x2 ./Core/Startup/startup_stm32f103rbtx.o
                0x0000000008001ba4                RTC_Alarm_IRQHandler
                0x0000000008001ba4                EXTI2_IRQHandler
                0x0000000008001ba4                TIM1_CC_IRQHandler
                0x0000000008001ba4                PVD_IRQHandler
                0x0000000008001ba4                EXTI3_IRQHandler
                0x0000000008001ba4                EXTI0_IRQHandler
                0x0000000008001ba4                I2C2_EV_IRQHandler
                0x0000000008001ba4                ADC1_2_IRQHandler
                0x0000000008001ba4                SPI1_IRQHandler
                0x0000000008001ba4                TAMPER_IRQHandler
                0x0000000008001ba4                DMA1_Channel4_IRQHandler
                0x0000000008001ba4                USART3_IRQHandler
                0x0000000008001ba4                RTC_IRQHandler
                0x0000000008001ba4                DMA1_Channel7_IRQHandler
                0x0000000008001ba4                CAN1_RX1_IRQHandler
                0x0000000008001ba4                TIM4_IRQHandler
                0x0000000008001ba4                I2C1_EV_IRQHandler
                0x0000000008001ba4                DMA1_Channel6_IRQHandler
                0x0000000008001ba4                TIM3_IRQHandler
                0x0000000008001ba4                RCC_IRQHandler
                0x0000000008001ba4                TIM1_TRG_COM_IRQHandler
                0x0000000008001ba4                DMA1_Channel1_IRQHandler
                0x0000000008001ba4                Default_Handler
                0x0000000008001ba4                EXTI15_10_IRQHandler
                0x0000000008001ba4                EXTI9_5_IRQHandler
                0x0000000008001ba4                SPI2_IRQHandler
                0x0000000008001ba4                DMA1_Channel5_IRQHandler
                0x0000000008001ba4                EXTI4_IRQHandler
                0x0000000008001ba4                USB_LP_CAN1_RX0_IRQHandler
                0x0000000008001ba4                USB_HP_CAN1_TX_IRQHandler
                0x0000000008001ba4                DMA1_Channel3_IRQHandler
                0x0000000008001ba4                TIM1_UP_IRQHandler
                0x0000000008001ba4                WWDG_IRQHandler
                0x0000000008001ba4                TIM1_BRK_IRQHandler
                0x0000000008001ba4                EXTI1_IRQHandler
                0x0000000008001ba4                USART2_IRQHandler
                0x0000000008001ba4                I2C2_ER_IRQHandler
                0x0000000008001ba4                DMA1_Channel2_IRQHandler
                0x0000000008001ba4                CAN1_SCE_IRQHandler
                0x0000000008001ba4                FLASH_IRQHandler
                0x0000000008001ba4                USART1_IRQHandler
                0x0000000008001ba4                I2C1_ER_IRQHandler
                0x0000000008001ba4                USBWakeUp_IRQHandler
 *fill*         0x0000000008001ba6        0x2 
 .text.HAL_Init
                0x0000000008001ba8       0x2c ./Drivers/STM32F1xx_HAL_Driver/Src/stm32f1xx_hal.o
                0x0000000008001ba8                HAL_Init
 .text.HAL_InitTick
                0x0000000008001bd4       0x60 ./Drivers/STM32F1xx_HAL_Driver/Src/stm32f1xx_hal.o
                0x0000000008001bd4                HAL_InitTick
 .text.HAL_IncTick
                0x0000000008001c34       0x24 ./Drivers/STM32F1xx_HAL_Driver/Src/stm32f1xx_hal.o
                0x0000000008001c34                HAL_IncTick
 .text.HAL_GetTick
                0x0000000008001c58       0x14 ./Drivers/STM32F1xx_HAL_Driver/Src/stm32f1xx_hal.o
                0x0000000008001c58                HAL_GetTick
 .text.__NVIC_SetPriorityGrouping
                0x0000000008001c6c       0x48 ./Drivers/STM32F1xx_HAL_Driver/Src/stm32f1xx_hal_cortex.o
 .text.__NVIC_GetPriorityGrouping
                0x0000000008001cb4       0x1c ./Drivers/STM32F1xx_HAL_Driver/Src/stm32f1xx_hal_cortex.o
 .text.__NVIC_EnableIRQ
                0x0000000008001cd0       0x38 ./Drivers/STM32F1xx_HAL_Driver/Src/stm32f1xx_hal_cortex.o
 .text.__NVIC_SetPriority
                0x0000000008001d08       0x54 ./Drivers/STM32F1xx_HAL_Driver/Src/stm32f1xx_hal_cortex.o
 .text.NVIC_EncodePriority
                0x0000000008001d5c       0x64 ./Drivers/STM32F1xx_HAL_Driver/Src/stm32f1xx_hal_cortex.o
 .text.SysTick_Config
                0x0000000008001dc0       0x44 ./Drivers/STM32F1xx_HAL_Driver/Src/stm32f1xx_hal_cortex.o
 .text.HAL_NVIC_SetPriorityGrouping
                0x0000000008001e04       0x16 ./Drivers/STM32F1xx_HAL_Driver/Src/stm32f1xx_hal_cortex.o
                0x0000000008001e04                HAL_NVIC_SetPriorityGrouping
 .text.HAL_NVIC_SetPriority
                0x0000000008001e1a       0x38 ./Drivers/STM32F1xx_HAL_Driver/Src/stm32f1xx_hal_cortex.o
                0x0000000008001e1a                HAL_NVIC_SetPriority
 .text.HAL_NVIC_EnableIRQ
                0x0000000008001e52       0x1c ./Drivers/STM32F1xx_HAL_Driver/Src/stm32f1xx_hal_cortex.o
                0x0000000008001e52                HAL_NVIC_EnableIRQ
 .text.HAL_SYSTICK_Config
                0x0000000008001e6e       0x18 ./Drivers/STM32F1xx_HAL_Driver/Src/stm32f1xx_hal_cortex.o
                0x0000000008001e6e                HAL_SYSTICK_Config
 *fill*         0x0000000008001e86        0x2 
 .text.HAL_GPIO_Init
                0x0000000008001e88      0x308 ./Drivers/STM32F1xx_HAL_Driver/Src/stm32f1xx_hal_gpio.o
                0x0000000008001e88                HAL_GPIO_Init
 .text.HAL_GPIO_ReadPin
                0x0000000008002190       0x2e ./Drivers/STM32F1xx_HAL_Driver/Src/stm32f1xx_hal_gpio.o
                0x0000000008002190                HAL_GPIO_ReadPin
 .text.HAL_GPIO_WritePin
                0x00000000080021be       0x30 ./Drivers/STM32F1xx_HAL_Driver/Src/stm32f1xx_hal_gpio.o
                0x00000000080021be                HAL_GPIO_WritePin
 *fill*         0x00000000080021ee        0x2 
 .text.HAL_RCC_OscConfig
                0x00000000080021f0      0x504 ./Drivers/STM32F1xx_HAL_Driver/Src/stm32f1xx_hal_rcc.o
                0x00000000080021f0                HAL_RCC_OscConfig
 .text.HAL_RCC_ClockConfig
                0x00000000080026f4      0x1d4 ./Drivers/STM32F1xx_HAL_Driver/Src/stm32f1xx_hal_rcc.o
                0x00000000080026f4                HAL_RCC_ClockConfig
 .text.HAL_RCC_GetSysClockFreq
                0x00000000080028c8       0xa8 ./Drivers/STM32F1xx_HAL_Driver/Src/stm32f1xx_hal_rcc.o
                0x00000000080028c8                HAL_RCC_GetSysClockFreq
 .text.HAL_RCC_GetHCLKFreq
                0x0000000008002970       0x14 ./Drivers/STM32F1xx_HAL_Driver/Src/stm32f1xx_hal_rcc.o
                0x0000000008002970                HAL_RCC_GetHCLKFreq
 .text.HAL_RCC_GetPCLK1Freq
                0x0000000008002984       0x28 ./Drivers/STM32F1xx_HAL_Driver/Src/stm32f1xx_hal_rcc.o
                0x0000000008002984                HAL_RCC_GetPCLK1Freq
 .text.HAL_RCC_GetPCLK2Freq
                0x00000000080029ac       0x28 ./Drivers/STM32F1xx_HAL_Driver/Src/stm32f1xx_hal_rcc.o
                0x00000000080029ac                HAL_RCC_GetPCLK2Freq
 .text.RCC_Delay
                0x00000000080029d4       0x3c ./Drivers/STM32F1xx_HAL_Driver/Src/stm32f1xx_hal_rcc.o
 .text.HAL_TIM_Base_Init
                0x0000000008002a10       0x9e ./Drivers/STM32F1xx_HAL_Driver/Src/stm32f1xx_hal_tim.o
                0x0000000008002a10                HAL_TIM_Base_Init
 .text.HAL_TIM_PWM_Init
                0x0000000008002aae       0x9e ./Drivers/STM32F1xx_HAL_Driver/Src/stm32f1xx_hal_tim.o
                0x0000000008002aae                HAL_TIM_PWM_Init
 .text.HAL_TIM_PWM_MspInit
                0x0000000008002b4c       0x12 ./Drivers/STM32F1xx_HAL_Driver/Src/stm32f1xx_hal_tim.o
                0x0000000008002b4c                HAL_TIM_PWM_MspInit
 *fill*         0x0000000008002b5e        0x2 
 .text.HAL_TIM_PWM_Start
                0x0000000008002b60      0x144 ./Drivers/STM32F1xx_HAL_Driver/Src/stm32f1xx_hal_tim.o
                0x0000000008002b60                HAL_TIM_PWM_Start
 .text.HAL_TIM_IRQHandler
                0x0000000008002ca4      0x210 ./Drivers/STM32F1xx_HAL_Driver/Src/stm32f1xx_hal_tim.o
                0x0000000008002ca4                HAL_TIM_IRQHandler
 .text.HAL_TIM_PWM_ConfigChannel
                0x0000000008002eb4      0x184 ./Drivers/STM32F1xx_HAL_Driver/Src/stm32f1xx_hal_tim.o
                0x0000000008002eb4                HAL_TIM_PWM_ConfigChannel
 .text.HAL_TIM_ConfigClockSource
                0x0000000008003038      0x18e ./Drivers/STM32F1xx_HAL_Driver/Src/stm32f1xx_hal_tim.o
                0x0000000008003038                HAL_TIM_ConfigClockSource
 .text.HAL_TIM_OC_DelayElapsedCallback
                0x00000000080031c6       0x12 ./Drivers/STM32F1xx_HAL_Driver/Src/stm32f1xx_hal_tim.o
                0x00000000080031c6                HAL_TIM_OC_DelayElapsedCallback
 .text.HAL_TIM_IC_CaptureCallback
                0x00000000080031d8       0x12 ./Drivers/STM32F1xx_HAL_Driver/Src/stm32f1xx_hal_tim.o
                0x00000000080031d8                HAL_TIM_IC_CaptureCallback
 .text.HAL_TIM_PWM_PulseFinishedCallback
                0x00000000080031ea       0x12 ./Drivers/STM32F1xx_HAL_Driver/Src/stm32f1xx_hal_tim.o
                0x00000000080031ea                HAL_TIM_PWM_PulseFinishedCallback
 .text.HAL_TIM_TriggerCallback
                0x00000000080031fc       0x12 ./Drivers/STM32F1xx_HAL_Driver/Src/stm32f1xx_hal_tim.o
                0x00000000080031fc                HAL_TIM_TriggerCallback
 *fill*         0x000000000800320e        0x2 
 .text.TIM_Base_SetConfig
                0x0000000008003210       0xc4 ./Drivers/STM32F1xx_HAL_Driver/Src/stm32f1xx_hal_tim.o
                0x0000000008003210                TIM_Base_SetConfig
 .text.TIM_OC1_SetConfig
                0x00000000080032d4       0xcc ./Drivers/STM32F1xx_HAL_Driver/Src/stm32f1xx_hal_tim.o
 .text.TIM_OC2_SetConfig
                0x00000000080033a0       0xd4 ./Drivers/STM32F1xx_HAL_Driver/Src/stm32f1xx_hal_tim.o
                0x00000000080033a0                TIM_OC2_SetConfig
 .text.TIM_OC3_SetConfig
                0x0000000008003474       0xd4 ./Drivers/STM32F1xx_HAL_Driver/Src/stm32f1xx_hal_tim.o
 .text.TIM_OC4_SetConfig
                0x0000000008003548       0x9c ./Drivers/STM32F1xx_HAL_Driver/Src/stm32f1xx_hal_tim.o
 .text.TIM_TI1_ConfigInputStage
                0x00000000080035e4       0x5c ./Drivers/STM32F1xx_HAL_Driver/Src/stm32f1xx_hal_tim.o
 .text.TIM_TI2_ConfigInputStage
                0x0000000008003640       0x5e ./Drivers/STM32F1xx_HAL_Driver/Src/stm32f1xx_hal_tim.o
 .text.TIM_ITRx_SetConfig
                0x000000000800369e       0x34 ./Drivers/STM32F1xx_HAL_Driver/Src/stm32f1xx_hal_tim.o
 .text.TIM_ETR_SetConfig
                0x00000000080036d2       0x3e ./Drivers/STM32F1xx_HAL_Driver/Src/stm32f1xx_hal_tim.o
                0x00000000080036d2                TIM_ETR_SetConfig
 .text.TIM_CCxChannelCmd
                0x0000000008003710       0x48 ./Drivers/STM32F1xx_HAL_Driver/Src/stm32f1xx_hal_tim.o
                0x0000000008003710                TIM_CCxChannelCmd
 .text.HAL_TIMEx_MasterConfigSynchronization
                0x0000000008003758       0xbc ./Drivers/STM32F1xx_HAL_Driver/Src/stm32f1xx_hal_tim_ex.o
                0x0000000008003758                HAL_TIMEx_MasterConfigSynchronization
 .text.HAL_TIMEx_CommutCallback
                0x0000000008003814       0x12 ./Drivers/STM32F1xx_HAL_Driver/Src/stm32f1xx_hal_tim_ex.o
                0x0000000008003814                HAL_TIMEx_CommutCallback
 .text.HAL_TIMEx_BreakCallback
                0x0000000008003826       0x12 ./Drivers/STM32F1xx_HAL_Driver/Src/stm32f1xx_hal_tim_ex.o
                0x0000000008003826                HAL_TIMEx_BreakCallback
 .text.HAL_UART_Init
                0x0000000008003838       0xa0 ./Drivers/STM32F1xx_HAL_Driver/Src/stm32f1xx_hal_uart.o
                0x0000000008003838                HAL_UART_Init
 .text.HAL_UART_Transmit
                0x00000000080038d8      0x106 ./Drivers/STM32F1xx_HAL_Driver/Src/stm32f1xx_hal_uart.o
                0x00000000080038d8                HAL_UART_Transmit
 .text.UART_WaitOnFlagUntilTimeout
                0x00000000080039de       0xdc ./Drivers/STM32F1xx_HAL_Driver/Src/stm32f1xx_hal_uart.o
 *fill*         0x0000000008003aba        0x2 
 .text.UART_SetConfig
                0x0000000008003abc      0x11c ./Drivers/STM32F1xx_HAL_Driver/Src/stm32f1xx_hal_uart.o
 .text.std      0x0000000008003bd8       0x48 D:/STM32CubeIDE_1.13.1/STM32CubeIDE/plugins/com.st.stm32cube.ide.mcu.externaltools.gnu-tools-for-stm32.11.3.rel1.win32_1.1.0.202305231506/tools/bin/../lib/gcc/arm-none-eabi/11.3.1/../../../../arm-none-eabi/lib/thumb/v7-m/nofp\libc_nano.a(libc_a-findfp.o)
 .text.stdio_exit_handler
                0x0000000008003c20       0x18 D:/STM32CubeIDE_1.13.1/STM32CubeIDE/plugins/com.st.stm32cube.ide.mcu.externaltools.gnu-tools-for-stm32.11.3.rel1.win32_1.1.0.202305231506/tools/bin/../lib/gcc/arm-none-eabi/11.3.1/../../../../arm-none-eabi/lib/thumb/v7-m/nofp\libc_nano.a(libc_a-findfp.o)
 .text.cleanup_stdio
                0x0000000008003c38       0x40 D:/STM32CubeIDE_1.13.1/STM32CubeIDE/plugins/com.st.stm32cube.ide.mcu.externaltools.gnu-tools-for-stm32.11.3.rel1.win32_1.1.0.202305231506/tools/bin/../lib/gcc/arm-none-eabi/11.3.1/../../../../arm-none-eabi/lib/thumb/v7-m/nofp\libc_nano.a(libc_a-findfp.o)
 .text.global_stdio_init.part.0
                0x0000000008003c78       0x3c D:/STM32CubeIDE_1.13.1/STM32CubeIDE/plugins/com.st.stm32cube.ide.mcu.externaltools.gnu-tools-for-stm32.11.3.rel1.win32_1.1.0.202305231506/tools/bin/../lib/gcc/arm-none-eabi/11.3.1/../../../../arm-none-eabi/lib/thumb/v7-m/nofp\libc_nano.a(libc_a-findfp.o)
 .text.__sfp_lock_acquire
                0x0000000008003cb4        0xc D:/STM32CubeIDE_1.13.1/STM32CubeIDE/plugins/com.st.stm32cube.ide.mcu.externaltools.gnu-tools-for-stm32.11.3.rel1.win32_1.1.0.202305231506/tools/bin/../lib/gcc/arm-none-eabi/11.3.1/../../../../arm-none-eabi/lib/thumb/v7-m/nofp\libc_nano.a(libc_a-findfp.o)
                0x0000000008003cb4                __sfp_lock_acquire
 .text.__sfp_lock_release
                0x0000000008003cc0        0xc D:/STM32CubeIDE_1.13.1/STM32CubeIDE/plugins/com.st.stm32cube.ide.mcu.externaltools.gnu-tools-for-stm32.11.3.rel1.win32_1.1.0.202305231506/tools/bin/../lib/gcc/arm-none-eabi/11.3.1/../../../../arm-none-eabi/lib/thumb/v7-m/nofp\libc_nano.a(libc_a-findfp.o)
                0x0000000008003cc0                __sfp_lock_release
 .text.__sinit  0x0000000008003ccc       0x30 D:/STM32CubeIDE_1.13.1/STM32CubeIDE/plugins/com.st.stm32cube.ide.mcu.externaltools.gnu-tools-for-stm32.11.3.rel1.win32_1.1.0.202305231506/tools/bin/../lib/gcc/arm-none-eabi/11.3.1/../../../../arm-none-eabi/lib/thumb/v7-m/nofp\libc_nano.a(libc_a-findfp.o)
                0x0000000008003ccc                __sinit
 .text._fwalk_sglue
                0x0000000008003cfc       0x3c D:/STM32CubeIDE_1.13.1/STM32CubeIDE/plugins/com.st.stm32cube.ide.mcu.externaltools.gnu-tools-for-stm32.11.3.rel1.win32_1.1.0.202305231506/tools/bin/../lib/gcc/arm-none-eabi/11.3.1/../../../../arm-none-eabi/lib/thumb/v7-m/nofp\libc_nano.a(libc_a-fwalk.o)
                0x0000000008003cfc                _fwalk_sglue
 .text.printf   0x0000000008003d38       0x24 D:/STM32CubeIDE_1.13.1/STM32CubeIDE/plugins/com.st.stm32cube.ide.mcu.externaltools.gnu-tools-for-stm32.11.3.rel1.win32_1.1.0.202305231506/tools/bin/../lib/gcc/arm-none-eabi/11.3.1/../../../../arm-none-eabi/lib/thumb/v7-m/nofp\libc_nano.a(libc_a-printf.o)
                0x0000000008003d38                iprintf
                0x0000000008003d38                printf
 .text._puts_r  0x0000000008003d5c       0xa8 D:/STM32CubeIDE_1.13.1/STM32CubeIDE/plugins/com.st.stm32cube.ide.mcu.externaltools.gnu-tools-for-stm32.11.3.rel1.win32_1.1.0.202305231506/tools/bin/../lib/gcc/arm-none-eabi/11.3.1/../../../../arm-none-eabi/lib/thumb/v7-m/nofp\libc_nano.a(libc_a-puts.o)
                0x0000000008003d5c                _puts_r
 .text.puts     0x0000000008003e04       0x10 D:/STM32CubeIDE_1.13.1/STM32CubeIDE/plugins/com.st.stm32cube.ide.mcu.externaltools.gnu-tools-for-stm32.11.3.rel1.win32_1.1.0.202305231506/tools/bin/../lib/gcc/arm-none-eabi/11.3.1/../../../../arm-none-eabi/lib/thumb/v7-m/nofp\libc_nano.a(libc_a-puts.o)
                0x0000000008003e04                puts
 .text.__sread  0x0000000008003e14       0x22 D:/STM32CubeIDE_1.13.1/STM32CubeIDE/plugins/com.st.stm32cube.ide.mcu.externaltools.gnu-tools-for-stm32.11.3.rel1.win32_1.1.0.202305231506/tools/bin/../lib/gcc/arm-none-eabi/11.3.1/../../../../arm-none-eabi/lib/thumb/v7-m/nofp\libc_nano.a(libc_a-stdio.o)
                0x0000000008003e14                __sread
 .text.__swrite
                0x0000000008003e36       0x38 D:/STM32CubeIDE_1.13.1/STM32CubeIDE/plugins/com.st.stm32cube.ide.mcu.externaltools.gnu-tools-for-stm32.11.3.rel1.win32_1.1.0.202305231506/tools/bin/../lib/gcc/arm-none-eabi/11.3.1/../../../../arm-none-eabi/lib/thumb/v7-m/nofp\libc_nano.a(libc_a-stdio.o)
                0x0000000008003e36                __swrite
 .text.__sseek  0x0000000008003e6e       0x24 D:/STM32CubeIDE_1.13.1/STM32CubeIDE/plugins/com.st.stm32cube.ide.mcu.externaltools.gnu-tools-for-stm32.11.3.rel1.win32_1.1.0.202305231506/tools/bin/../lib/gcc/arm-none-eabi/11.3.1/../../../../arm-none-eabi/lib/thumb/v7-m/nofp\libc_nano.a(libc_a-stdio.o)
                0x0000000008003e6e                __sseek
 .text.__sclose
                0x0000000008003e92        0x8 D:/STM32CubeIDE_1.13.1/STM32CubeIDE/plugins/com.st.stm32cube.ide.mcu.externaltools.gnu-tools-for-stm32.11.3.rel1.win32_1.1.0.202305231506/tools/bin/../lib/gcc/arm-none-eabi/11.3.1/../../../../arm-none-eabi/lib/thumb/v7-m/nofp\libc_nano.a(libc_a-stdio.o)
                0x0000000008003e92                __sclose
 .text.__swbuf_r
                0x0000000008003e9a       0x7a D:/STM32CubeIDE_1.13.1/STM32CubeIDE/plugins/com.st.stm32cube.ide.mcu.externaltools.gnu-tools-for-stm32.11.3.rel1.win32_1.1.0.202305231506/tools/bin/../lib/gcc/arm-none-eabi/11.3.1/../../../../arm-none-eabi/lib/thumb/v7-m/nofp\libc_nano.a(libc_a-wbuf.o)
                0x0000000008003e9a                __swbuf_r
 .text.__swsetup_r
                0x0000000008003f14       0xb0 D:/STM32CubeIDE_1.13.1/STM32CubeIDE/plugins/com.st.stm32cube.ide.mcu.externaltools.gnu-tools-for-stm32.11.3.rel1.win32_1.1.0.202305231506/tools/bin/../lib/gcc/arm-none-eabi/11.3.1/../../../../arm-none-eabi/lib/thumb/v7-m/nofp\libc_nano.a(libc_a-wsetup.o)
                0x0000000008003f14                __swsetup_r
 .text.memset   0x0000000008003fc4       0x10 D:/STM32CubeIDE_1.13.1/STM32CubeIDE/plugins/com.st.stm32cube.ide.mcu.externaltools.gnu-tools-for-stm32.11.3.rel1.win32_1.1.0.202305231506/tools/bin/../lib/gcc/arm-none-eabi/11.3.1/../../../../arm-none-eabi/lib/thumb/v7-m/nofp\libc_nano.a(libc_a-memset.o)
                0x0000000008003fc4                memset
 .text._close_r
                0x0000000008003fd4       0x20 D:/STM32CubeIDE_1.13.1/STM32CubeIDE/plugins/com.st.stm32cube.ide.mcu.externaltools.gnu-tools-for-stm32.11.3.rel1.win32_1.1.0.202305231506/tools/bin/../lib/gcc/arm-none-eabi/11.3.1/../../../../arm-none-eabi/lib/thumb/v7-m/nofp\libc_nano.a(libc_a-closer.o)
                0x0000000008003fd4                _close_r
 .text._lseek_r
                0x0000000008003ff4       0x24 D:/STM32CubeIDE_1.13.1/STM32CubeIDE/plugins/com.st.stm32cube.ide.mcu.externaltools.gnu-tools-for-stm32.11.3.rel1.win32_1.1.0.202305231506/tools/bin/../lib/gcc/arm-none-eabi/11.3.1/../../../../arm-none-eabi/lib/thumb/v7-m/nofp\libc_nano.a(libc_a-lseekr.o)
                0x0000000008003ff4                _lseek_r
 .text._read_r  0x0000000008004018       0x24 D:/STM32CubeIDE_1.13.1/STM32CubeIDE/plugins/com.st.stm32cube.ide.mcu.externaltools.gnu-tools-for-stm32.11.3.rel1.win32_1.1.0.202305231506/tools/bin/../lib/gcc/arm-none-eabi/11.3.1/../../../../arm-none-eabi/lib/thumb/v7-m/nofp\libc_nano.a(libc_a-readr.o)
                0x0000000008004018                _read_r
 .text._write_r
                0x000000000800403c       0x24 D:/STM32CubeIDE_1.13.1/STM32CubeIDE/plugins/com.st.stm32cube.ide.mcu.externaltools.gnu-tools-for-stm32.11.3.rel1.win32_1.1.0.202305231506/tools/bin/../lib/gcc/arm-none-eabi/11.3.1/../../../../arm-none-eabi/lib/thumb/v7-m/nofp\libc_nano.a(libc_a-writer.o)
                0x000000000800403c                _write_r
 .text.__errno  0x0000000008004060        0xc D:/STM32CubeIDE_1.13.1/STM32CubeIDE/plugins/com.st.stm32cube.ide.mcu.externaltools.gnu-tools-for-stm32.11.3.rel1.win32_1.1.0.202305231506/tools/bin/../lib/gcc/arm-none-eabi/11.3.1/../../../../arm-none-eabi/lib/thumb/v7-m/nofp\libc_nano.a(libc_a-errno.o)
                0x0000000008004060                __errno
 .text.__libc_init_array
                0x000000000800406c       0x48 D:/STM32CubeIDE_1.13.1/STM32CubeIDE/plugins/com.st.stm32cube.ide.mcu.externaltools.gnu-tools-for-stm32.11.3.rel1.win32_1.1.0.202305231506/tools/bin/../lib/gcc/arm-none-eabi/11.3.1/../../../../arm-none-eabi/lib/thumb/v7-m/nofp\libc_nano.a(libc_a-init.o)
                0x000000000800406c                __libc_init_array
 .text.__retarget_lock_acquire_recursive
                0x00000000080040b4        0x2 D:/STM32CubeIDE_1.13.1/STM32CubeIDE/plugins/com.st.stm32cube.ide.mcu.externaltools.gnu-tools-for-stm32.11.3.rel1.win32_1.1.0.202305231506/tools/bin/../lib/gcc/arm-none-eabi/11.3.1/../../../../arm-none-eabi/lib/thumb/v7-m/nofp\libc_nano.a(libc_a-lock.o)
                0x00000000080040b4                __retarget_lock_acquire_recursive
 .text.__retarget_lock_release_recursive
                0x00000000080040b6        0x2 D:/STM32CubeIDE_1.13.1/STM32CubeIDE/plugins/com.st.stm32cube.ide.mcu.externaltools.gnu-tools-for-stm32.11.3.rel1.win32_1.1.0.202305231506/tools/bin/../lib/gcc/arm-none-eabi/11.3.1/../../../../arm-none-eabi/lib/thumb/v7-m/nofp\libc_nano.a(libc_a-lock.o)
                0x00000000080040b6                __retarget_lock_release_recursive
 .text._free_r  0x00000000080040b8       0x90 D:/STM32CubeIDE_1.13.1/STM32CubeIDE/plugins/com.st.stm32cube.ide.mcu.externaltools.gnu-tools-for-stm32.11.3.rel1.win32_1.1.0.202305231506/tools/bin/../lib/gcc/arm-none-eabi/11.3.1/../../../../arm-none-eabi/lib/thumb/v7-m/nofp\libc_nano.a(libc_a-freer.o)
                0x00000000080040b8                _free_r
 .text.sbrk_aligned
                0x0000000008004148       0x40 D:/STM32CubeIDE_1.13.1/STM32CubeIDE/plugins/com.st.stm32cube.ide.mcu.externaltools.gnu-tools-for-stm32.11.3.rel1.win32_1.1.0.202305231506/tools/bin/../lib/gcc/arm-none-eabi/11.3.1/../../../../arm-none-eabi/lib/thumb/v7-m/nofp\libc_nano.a(libc_a-mallocr.o)
 .text._malloc_r
                0x0000000008004188      0x100 D:/STM32CubeIDE_1.13.1/STM32CubeIDE/plugins/com.st.stm32cube.ide.mcu.externaltools.gnu-tools-for-stm32.11.3.rel1.win32_1.1.0.202305231506/tools/bin/../lib/gcc/arm-none-eabi/11.3.1/../../../../arm-none-eabi/lib/thumb/v7-m/nofp\libc_nano.a(libc_a-mallocr.o)
                0x0000000008004188                _malloc_r
 .text.__malloc_lock
                0x0000000008004288        0xc D:/STM32CubeIDE_1.13.1/STM32CubeIDE/plugins/com.st.stm32cube.ide.mcu.externaltools.gnu-tools-for-stm32.11.3.rel1.win32_1.1.0.202305231506/tools/bin/../lib/gcc/arm-none-eabi/11.3.1/../../../../arm-none-eabi/lib/thumb/v7-m/nofp\libc_nano.a(libc_a-mlock.o)
                0x0000000008004288                __malloc_lock
 .text.__malloc_unlock
                0x0000000008004294        0xc D:/STM32CubeIDE_1.13.1/STM32CubeIDE/plugins/com.st.stm32cube.ide.mcu.externaltools.gnu-tools-for-stm32.11.3.rel1.win32_1.1.0.202305231506/tools/bin/../lib/gcc/arm-none-eabi/11.3.1/../../../../arm-none-eabi/lib/thumb/v7-m/nofp\libc_nano.a(libc_a-mlock.o)
                0x0000000008004294                __malloc_unlock
 .text.__sfputc_r
                0x00000000080042a0       0x2a D:/STM32CubeIDE_1.13.1/STM32CubeIDE/plugins/com.st.stm32cube.ide.mcu.externaltools.gnu-tools-for-stm32.11.3.rel1.win32_1.1.0.202305231506/tools/bin/../lib/gcc/arm-none-eabi/11.3.1/../../../../arm-none-eabi/lib/thumb/v7-m/nofp\libc_nano.a(libc_a-nano-vfprintf.o)
 .text.__sfputs_r
                0x00000000080042ca       0x24 D:/STM32CubeIDE_1.13.1/STM32CubeIDE/plugins/com.st.stm32cube.ide.mcu.externaltools.gnu-tools-for-stm32.11.3.rel1.win32_1.1.0.202305231506/tools/bin/../lib/gcc/arm-none-eabi/11.3.1/../../../../arm-none-eabi/lib/thumb/v7-m/nofp\libc_nano.a(libc_a-nano-vfprintf.o)
                0x00000000080042ca                __sfputs_r
 *fill*         0x00000000080042ee        0x2 
 .text._vfprintf_r
                0x00000000080042f0      0x234 D:/STM32CubeIDE_1.13.1/STM32CubeIDE/plugins/com.st.stm32cube.ide.mcu.externaltools.gnu-tools-for-stm32.11.3.rel1.win32_1.1.0.202305231506/tools/bin/../lib/gcc/arm-none-eabi/11.3.1/../../../../arm-none-eabi/lib/thumb/v7-m/nofp\libc_nano.a(libc_a-nano-vfprintf.o)
                0x00000000080042f0                _vfprintf_r
                0x00000000080042f0                _vfiprintf_r
 .text._printf_common
                0x0000000008004524       0xe4 D:/STM32CubeIDE_1.13.1/STM32CubeIDE/plugins/com.st.stm32cube.ide.mcu.externaltools.gnu-tools-for-stm32.11.3.rel1.win32_1.1.0.202305231506/tools/bin/../lib/gcc/arm-none-eabi/11.3.1/../../../../arm-none-eabi/lib/thumb/v7-m/nofp\libc_nano.a(libc_a-nano-vfprintf_i.o)
                0x0000000008004524                _printf_common
 .text._printf_i
                0x0000000008004608      0x244 D:/STM32CubeIDE_1.13.1/STM32CubeIDE/plugins/com.st.stm32cube.ide.mcu.externaltools.gnu-tools-for-stm32.11.3.rel1.win32_1.1.0.202305231506/tools/bin/../lib/gcc/arm-none-eabi/11.3.1/../../../../arm-none-eabi/lib/thumb/v7-m/nofp\libc_nano.a(libc_a-nano-vfprintf_i.o)
                0x0000000008004608                _printf_i
 .text.__sflush_r
                0x000000000800484c      0x104 D:/STM32CubeIDE_1.13.1/STM32CubeIDE/plugins/com.st.stm32cube.ide.mcu.externaltools.gnu-tools-for-stm32.11.3.rel1.win32_1.1.0.202305231506/tools/bin/../lib/gcc/arm-none-eabi/11.3.1/../../../../arm-none-eabi/lib/thumb/v7-m/nofp\libc_nano.a(libc_a-fflush.o)
                0x000000000800484c                __sflush_r
 .text._fflush_r
                0x0000000008004950       0x50 D:/STM32CubeIDE_1.13.1/STM32CubeIDE/plugins/com.st.stm32cube.ide.mcu.externaltools.gnu-tools-for-stm32.11.3.rel1.win32_1.1.0.202305231506/tools/bin/../lib/gcc/arm-none-eabi/11.3.1/../../../../arm-none-eabi/lib/thumb/v7-m/nofp\libc_nano.a(libc_a-fflush.o)
                0x0000000008004950                _fflush_r
 .text.__swhatbuf_r
                0x00000000080049a0       0x4a D:/STM32CubeIDE_1.13.1/STM32CubeIDE/plugins/com.st.stm32cube.ide.mcu.externaltools.gnu-tools-for-stm32.11.3.rel1.win32_1.1.0.202305231506/tools/bin/../lib/gcc/arm-none-eabi/11.3.1/../../../../arm-none-eabi/lib/thumb/v7-m/nofp\libc_nano.a(libc_a-makebuf.o)
                0x00000000080049a0                __swhatbuf_r
 .text.__smakebuf_r
                0x00000000080049ea       0x78 D:/STM32CubeIDE_1.13.1/STM32CubeIDE/plugins/com.st.stm32cube.ide.mcu.externaltools.gnu-tools-for-stm32.11.3.rel1.win32_1.1.0.202305231506/tools/bin/../lib/gcc/arm-none-eabi/11.3.1/../../../../arm-none-eabi/lib/thumb/v7-m/nofp\libc_nano.a(libc_a-makebuf.o)
                0x00000000080049ea                __smakebuf_r
 *fill*         0x0000000008004a62        0x2 
 .text._fstat_r
                0x0000000008004a64       0x24 D:/STM32CubeIDE_1.13.1/STM32CubeIDE/plugins/com.st.stm32cube.ide.mcu.externaltools.gnu-tools-for-stm32.11.3.rel1.win32_1.1.0.202305231506/tools/bin/../lib/gcc/arm-none-eabi/11.3.1/../../../../arm-none-eabi/lib/thumb/v7-m/nofp\libc_nano.a(libc_a-fstatr.o)
                0x0000000008004a64                _fstat_r
 .text._isatty_r
                0x0000000008004a88       0x20 D:/STM32CubeIDE_1.13.1/STM32CubeIDE/plugins/com.st.stm32cube.ide.mcu.externaltools.gnu-tools-for-stm32.11.3.rel1.win32_1.1.0.202305231506/tools/bin/../lib/gcc/arm-none-eabi/11.3.1/../../../../arm-none-eabi/lib/thumb/v7-m/nofp\libc_nano.a(libc_a-isattyr.o)
                0x0000000008004a88                _isatty_r
 .text._sbrk_r  0x0000000008004aa8       0x20 D:/STM32CubeIDE_1.13.1/STM32CubeIDE/plugins/com.st.stm32cube.ide.mcu.externaltools.gnu-tools-for-stm32.11.3.rel1.win32_1.1.0.202305231506/tools/bin/../lib/gcc/arm-none-eabi/11.3.1/../../../../arm-none-eabi/lib/thumb/v7-m/nofp\libc_nano.a(libc_a-sbrkr.o)
                0x0000000008004aa8                _sbrk_r
 .text.memchr   0x0000000008004ac8       0x1c D:/STM32CubeIDE_1.13.1/STM32CubeIDE/plugins/com.st.stm32cube.ide.mcu.externaltools.gnu-tools-for-stm32.11.3.rel1.win32_1.1.0.202305231506/tools/bin/../lib/gcc/arm-none-eabi/11.3.1/../../../../arm-none-eabi/lib/thumb/v7-m/nofp\libc_nano.a(libc_a-memchr-stub.o)
                0x0000000008004ac8                memchr
 *(.glue_7)
 .glue_7        0x0000000008004ae4        0x0 linker stubs
 *(.glue_7t)
 .glue_7t       0x0000000008004ae4        0x0 linker stubs
 *(.eh_frame)
 .eh_frame      0x0000000008004ae4        0x0 D:/STM32CubeIDE_1.13.1/STM32CubeIDE/plugins/com.st.stm32cube.ide.mcu.externaltools.gnu-tools-for-stm32.11.3.rel1.win32_1.1.0.202305231506/tools/bin/../lib/gcc/arm-none-eabi/11.3.1/thumb/v7-m/nofp/crtbegin.o
 *(.init)
 .init          0x0000000008004ae4        0x4 D:/STM32CubeIDE_1.13.1/STM32CubeIDE/plugins/com.st.stm32cube.ide.mcu.externaltools.gnu-tools-for-stm32.11.3.rel1.win32_1.1.0.202305231506/tools/bin/../lib/gcc/arm-none-eabi/11.3.1/thumb/v7-m/nofp/crti.o
                0x0000000008004ae4                _init
 .init          0x0000000008004ae8        0x8 D:/STM32CubeIDE_1.13.1/STM32CubeIDE/plugins/com.st.stm32cube.ide.mcu.externaltools.gnu-tools-for-stm32.11.3.rel1.win32_1.1.0.202305231506/tools/bin/../lib/gcc/arm-none-eabi/11.3.1/thumb/v7-m/nofp/crtn.o
 *(.fini)
 .fini          0x0000000008004af0        0x4 D:/STM32CubeIDE_1.13.1/STM32CubeIDE/plugins/com.st.stm32cube.ide.mcu.externaltools.gnu-tools-for-stm32.11.3.rel1.win32_1.1.0.202305231506/tools/bin/../lib/gcc/arm-none-eabi/11.3.1/thumb/v7-m/nofp/crti.o
                0x0000000008004af0                _fini
 .fini          0x0000000008004af4        0x8 D:/STM32CubeIDE_1.13.1/STM32CubeIDE/plugins/com.st.stm32cube.ide.mcu.externaltools.gnu-tools-for-stm32.11.3.rel1.win32_1.1.0.202305231506/tools/bin/../lib/gcc/arm-none-eabi/11.3.1/thumb/v7-m/nofp/crtn.o
                0x0000000008004afc                . = ALIGN (0x4)
                0x0000000008004afc                _etext = .

.vfp11_veneer   0x0000000008004afc        0x0
 .vfp11_veneer  0x0000000008004afc        0x0 linker stubs

.v4_bx          0x0000000008004afc        0x0
 .v4_bx         0x0000000008004afc        0x0 linker stubs

.iplt           0x0000000008004afc        0x0
 .iplt          0x0000000008004afc        0x0 D:/STM32CubeIDE_1.13.1/STM32CubeIDE/plugins/com.st.stm32cube.ide.mcu.externaltools.gnu-tools-for-stm32.11.3.rel1.win32_1.1.0.202305231506/tools/bin/../lib/gcc/arm-none-eabi/11.3.1/thumb/v7-m/nofp/crtbegin.o

.rodata         0x0000000008004afc       0xf4
                0x0000000008004afc                . = ALIGN (0x4)
 *(.rodata)
 .rodata        0x0000000008004afc       0x3b ./Core/Src/fsm_automatic.o
 *fill*         0x0000000008004b37        0x1 
 .rodata        0x0000000008004b38       0x13 ./Core/Src/fsm_manual.o
 *fill*         0x0000000008004b4b        0x1 
 .rodata        0x0000000008004b4c       0x44 ./Core/Src/global.o
 *(.rodata*)
 .rodata.AHBPrescTable
                0x0000000008004b90       0x10 ./Core/Src/system_stm32f1xx.o
                0x0000000008004b90                AHBPrescTable
 .rodata.APBPrescTable
                0x0000000008004ba0        0x8 ./Core/Src/system_stm32f1xx.o
                0x0000000008004ba0                APBPrescTable
 .rodata.aPLLMULFactorTable.1
                0x0000000008004ba8       0x10 ./Drivers/STM32F1xx_HAL_Driver/Src/stm32f1xx_hal_rcc.o
 .rodata.aPredivFactorTable.0
                0x0000000008004bb8        0x2 ./Drivers/STM32F1xx_HAL_Driver/Src/stm32f1xx_hal_rcc.o
 .rodata._vfprintf_r.str1.1
                0x0000000008004bba       0x11 D:/STM32CubeIDE_1.13.1/STM32CubeIDE/plugins/com.st.stm32cube.ide.mcu.externaltools.gnu-tools-for-stm32.11.3.rel1.win32_1.1.0.202305231506/tools/bin/../lib/gcc/arm-none-eabi/11.3.1/../../../../arm-none-eabi/lib/thumb/v7-m/nofp\libc_nano.a(libc_a-nano-vfprintf.o)
 .rodata._printf_i.str1.1
                0x0000000008004bcb       0x22 D:/STM32CubeIDE_1.13.1/STM32CubeIDE/plugins/com.st.stm32cube.ide.mcu.externaltools.gnu-tools-for-stm32.11.3.rel1.win32_1.1.0.202305231506/tools/bin/../lib/gcc/arm-none-eabi/11.3.1/../../../../arm-none-eabi/lib/thumb/v7-m/nofp\libc_nano.a(libc_a-nano-vfprintf_i.o)
                0x0000000008004bf0                . = ALIGN (0x4)
 *fill*         0x0000000008004bed        0x3 

.rel.dyn        0x0000000008004bf0        0x0
 .rel.iplt      0x0000000008004bf0        0x0 D:/STM32CubeIDE_1.13.1/STM32CubeIDE/plugins/com.st.stm32cube.ide.mcu.externaltools.gnu-tools-for-stm32.11.3.rel1.win32_1.1.0.202305231506/tools/bin/../lib/gcc/arm-none-eabi/11.3.1/thumb/v7-m/nofp/crtbegin.o

.ARM.extab      0x0000000008004bf0        0x0
                0x0000000008004bf0                . = ALIGN (0x4)
 *(.ARM.extab* .gnu.linkonce.armextab.*)
                0x0000000008004bf0                . = ALIGN (0x4)

.ARM            0x0000000008004bf0        0x0
                0x0000000008004bf0                . = ALIGN (0x4)
                0x0000000008004bf0                __exidx_start = .
 *(.ARM.exidx*)
                0x0000000008004bf0                __exidx_end = .
                0x0000000008004bf0                . = ALIGN (0x4)

.preinit_array  0x0000000008004bf0        0x0
                0x0000000008004bf0                . = ALIGN (0x4)
                0x0000000008004bf0                PROVIDE (__preinit_array_start = .)
 *(.preinit_array*)
                0x0000000008004bf0                PROVIDE (__preinit_array_end = .)
                0x0000000008004bf0                . = ALIGN (0x4)

.init_array     0x0000000008004bf0        0x4
                0x0000000008004bf0                . = ALIGN (0x4)
                0x0000000008004bf0                PROVIDE (__init_array_start = .)
 *(SORT_BY_NAME(.init_array.*))
 *(.init_array*)
 .init_array    0x0000000008004bf0        0x4 D:/STM32CubeIDE_1.13.1/STM32CubeIDE/plugins/com.st.stm32cube.ide.mcu.externaltools.gnu-tools-for-stm32.11.3.rel1.win32_1.1.0.202305231506/tools/bin/../lib/gcc/arm-none-eabi/11.3.1/thumb/v7-m/nofp/crtbegin.o
                0x0000000008004bf4                PROVIDE (__init_array_end = .)
                0x0000000008004bf4                . = ALIGN (0x4)

.fini_array     0x0000000008004bf4        0x4
                0x0000000008004bf4                . = ALIGN (0x4)
                [!provide]                        PROVIDE (__fini_array_start = .)
 *(SORT_BY_NAME(.fini_array.*))
 *(.fini_array*)
 .fini_array    0x0000000008004bf4        0x4 D:/STM32CubeIDE_1.13.1/STM32CubeIDE/plugins/com.st.stm32cube.ide.mcu.externaltools.gnu-tools-for-stm32.11.3.rel1.win32_1.1.0.202305231506/tools/bin/../lib/gcc/arm-none-eabi/11.3.1/thumb/v7-m/nofp/crtbegin.o
                [!provide]                        PROVIDE (__fini_array_end = .)
                0x0000000008004bf8                . = ALIGN (0x4)
                0x0000000008004bf8                _sidata = LOADADDR (.data)

.data           0x0000000020000000       0xe0 load address 0x0000000008004bf8
                0x0000000020000000                . = ALIGN (0x4)
                0x0000000020000000                _sdata = .
 *(.data)
 *(.data*)
 .data.KeyReg   0x0000000020000000       0x40 ./Core/Src/button.o
                0x0000000020000000                KeyReg
 .data.TimerForKeyPress
                0x0000000020000040        0x4 ./Core/Src/button.o
                0x0000000020000040                TimerForKeyPress
 .data.button_ports
                0x0000000020000044       0x10 ./Core/Src/button.o
                0x0000000020000044                button_ports
 .data.button_pins
                0x0000000020000054       0x10 ./Core/Src/button.o
                0x0000000020000054                button_pins
 .data.buzzer_value
                0x0000000020000064        0x4 ./Core/Src/fsm_automatic.o
                0x0000000020000064                buzzer_value
 .data.toggle   0x0000000020000068        0x4 ./Core/Src/fsm_manual.o
                0x0000000020000068                toggle
 .data.red_duration
                0x000000002000006c        0x4 ./Core/Src/global.o
                0x000000002000006c                red_duration
 .data.green_duration
                0x0000000020000070        0x4 ./Core/Src/global.o
                0x0000000020000070                green_duration
 .data.yellow_duration
                0x0000000020000074        0x4 ./Core/Src/global.o
                0x0000000020000074                yellow_duration
 .data.SystemCoreClock
                0x0000000020000078        0x4 ./Core/Src/system_stm32f1xx.o
                0x0000000020000078                SystemCoreClock
 .data.uwTickPrio
                0x000000002000007c        0x4 ./Drivers/STM32F1xx_HAL_Driver/Src/stm32f1xx_hal.o
                0x000000002000007c                uwTickPrio
 .data.uwTickFreq
                0x0000000020000080        0x1 ./Drivers/STM32F1xx_HAL_Driver/Src/stm32f1xx_hal.o
                0x0000000020000080                uwTickFreq
 *fill*         0x0000000020000081        0x3 
 .data.__sglue  0x0000000020000084        0xc D:/STM32CubeIDE_1.13.1/STM32CubeIDE/plugins/com.st.stm32cube.ide.mcu.externaltools.gnu-tools-for-stm32.11.3.rel1.win32_1.1.0.202305231506/tools/bin/../lib/gcc/arm-none-eabi/11.3.1/../../../../arm-none-eabi/lib/thumb/v7-m/nofp\libc_nano.a(libc_a-findfp.o)
                0x0000000020000084                __sglue
 .data._impure_data
                0x0000000020000090       0x4c D:/STM32CubeIDE_1.13.1/STM32CubeIDE/plugins/com.st.stm32cube.ide.mcu.externaltools.gnu-tools-for-stm32.11.3.rel1.win32_1.1.0.202305231506/tools/bin/../lib/gcc/arm-none-eabi/11.3.1/../../../../arm-none-eabi/lib/thumb/v7-m/nofp\libc_nano.a(libc_a-impure.o)
                0x0000000020000090                _impure_data
 .data._impure_ptr
                0x00000000200000dc        0x4 D:/STM32CubeIDE_1.13.1/STM32CubeIDE/plugins/com.st.stm32cube.ide.mcu.externaltools.gnu-tools-for-stm32.11.3.rel1.win32_1.1.0.202305231506/tools/bin/../lib/gcc/arm-none-eabi/11.3.1/../../../../arm-none-eabi/lib/thumb/v7-m/nofp\libc_nano.a(libc_a-impure.o)
                0x00000000200000dc                _impure_ptr
 *(.RamFunc)
 *(.RamFunc*)
                0x00000000200000e0                . = ALIGN (0x4)
                0x00000000200000e0                _edata = .

.igot.plt       0x00000000200000e0        0x0 load address 0x0000000008004cd8
 .igot.plt      0x00000000200000e0        0x0 D:/STM32CubeIDE_1.13.1/STM32CubeIDE/plugins/com.st.stm32cube.ide.mcu.externaltools.gnu-tools-for-stm32.11.3.rel1.win32_1.1.0.202305231506/tools/bin/../lib/gcc/arm-none-eabi/11.3.1/thumb/v7-m/nofp/crtbegin.o
                0x00000000200000e0                . = ALIGN (0x4)

.bss            0x00000000200000e0      0x39c load address 0x0000000008004cd8
                0x00000000200000e0                _sbss = .
                0x00000000200000e0                __bss_start__ = _sbss
 *(.bss)
 .bss           0x00000000200000e0       0x1c D:/STM32CubeIDE_1.13.1/STM32CubeIDE/plugins/com.st.stm32cube.ide.mcu.externaltools.gnu-tools-for-stm32.11.3.rel1.win32_1.1.0.202305231506/tools/bin/../lib/gcc/arm-none-eabi/11.3.1/thumb/v7-m/nofp/crtbegin.o
 *(.bss*)
 .bss.button_flag
                0x00000000200000fc       0x10 ./Core/Src/button.o
                0x00000000200000fc                button_flag
 .bss.buzzer_on
                0x000000002000010c        0x4 ./Core/Src/fsm_automatic.o
                0x000000002000010c                buzzer_on
 .bss.buzzer_toggle
                0x0000000020000110        0x4 ./Core/Src/fsm_automatic.o
                0x0000000020000110                buzzer_toggle
 .bss.red_duration_clone
                0x0000000020000114        0x4 ./Core/Src/fsm_manual.o
                0x0000000020000114                red_duration_clone
 .bss.yellow_duration_clone
                0x0000000020000118        0x4 ./Core/Src/fsm_manual.o
                0x0000000020000118                yellow_duration_clone
 .bss.green_duration_clone
                0x000000002000011c        0x4 ./Core/Src/fsm_manual.o
                0x000000002000011c                green_duration_clone
 .bss.status    0x0000000020000120        0x4 ./Core/Src/global.o
                0x0000000020000120                status
 .bss.horizontal_number
                0x0000000020000124        0x4 ./Core/Src/global.o
                0x0000000020000124                horizontal_number
 .bss.vertical_number
                0x0000000020000128        0x4 ./Core/Src/global.o
                0x0000000020000128                vertical_number
 .bss.pedeson   0x000000002000012c        0x4 ./Core/Src/global.o
                0x000000002000012c                pedeson
 .bss.htim2     0x0000000020000130       0x48 ./Core/Src/main.o
                0x0000000020000130                htim2
 .bss.htim3     0x0000000020000178       0x48 ./Core/Src/main.o
                0x0000000020000178                htim3
 .bss.huart2    0x00000000200001c0       0x48 ./Core/Src/main.o
                0x00000000200001c0                huart2
 .bss.SCH_tasks_G
                0x0000000020000208       0xc8 ./Core/Src/scheduler.o
 .bss.newTaskID
                0x00000000200002d0        0x4 ./Core/Src/scheduler.o
 .bss.count_SCH_Update
                0x00000000200002d4        0x4 ./Core/Src/scheduler.o
 .bss.timer_counter
                0x00000000200002d8       0x28 ./Core/Src/software_timer.o
                0x00000000200002d8                timer_counter
 .bss.timer_flag
                0x0000000020000300       0x28 ./Core/Src/software_timer.o
                0x0000000020000300                timer_flag
 .bss.__sbrk_heap_end
                0x0000000020000328        0x4 ./Core/Src/sysmem.o
 .bss.uwTick    0x000000002000032c        0x4 ./Drivers/STM32F1xx_HAL_Driver/Src/stm32f1xx_hal.o
                0x000000002000032c                uwTick
 .bss.__sf      0x0000000020000330      0x138 D:/STM32CubeIDE_1.13.1/STM32CubeIDE/plugins/com.st.stm32cube.ide.mcu.externaltools.gnu-tools-for-stm32.11.3.rel1.win32_1.1.0.202305231506/tools/bin/../lib/gcc/arm-none-eabi/11.3.1/../../../../arm-none-eabi/lib/thumb/v7-m/nofp\libc_nano.a(libc_a-findfp.o)
                0x0000000020000330                __sf
 .bss.__stdio_exit_handler
                0x0000000020000468        0x4 D:/STM32CubeIDE_1.13.1/STM32CubeIDE/plugins/com.st.stm32cube.ide.mcu.externaltools.gnu-tools-for-stm32.11.3.rel1.win32_1.1.0.202305231506/tools/bin/../lib/gcc/arm-none-eabi/11.3.1/../../../../arm-none-eabi/lib/thumb/v7-m/nofp\libc_nano.a(libc_a-findfp.o)
                0x0000000020000468                __stdio_exit_handler
 .bss.errno     0x000000002000046c        0x4 D:/STM32CubeIDE_1.13.1/STM32CubeIDE/plugins/com.st.stm32cube.ide.mcu.externaltools.gnu-tools-for-stm32.11.3.rel1.win32_1.1.0.202305231506/tools/bin/../lib/gcc/arm-none-eabi/11.3.1/../../../../arm-none-eabi/lib/thumb/v7-m/nofp\libc_nano.a(libc_a-reent.o)
                0x000000002000046c                errno
 .bss.__lock___malloc_recursive_mutex
                0x0000000020000470        0x1 D:/STM32CubeIDE_1.13.1/STM32CubeIDE/plugins/com.st.stm32cube.ide.mcu.externaltools.gnu-tools-for-stm32.11.3.rel1.win32_1.1.0.202305231506/tools/bin/../lib/gcc/arm-none-eabi/11.3.1/../../../../arm-none-eabi/lib/thumb/v7-m/nofp\libc_nano.a(libc_a-lock.o)
                0x0000000020000470                __lock___malloc_recursive_mutex
 .bss.__lock___sfp_recursive_mutex
                0x0000000020000471        0x1 D:/STM32CubeIDE_1.13.1/STM32CubeIDE/plugins/com.st.stm32cube.ide.mcu.externaltools.gnu-tools-for-stm32.11.3.rel1.win32_1.1.0.202305231506/tools/bin/../lib/gcc/arm-none-eabi/11.3.1/../../../../arm-none-eabi/lib/thumb/v7-m/nofp\libc_nano.a(libc_a-lock.o)
                0x0000000020000471                __lock___sfp_recursive_mutex
 *fill*         0x0000000020000472        0x2 
 .bss.__malloc_free_list
                0x0000000020000474        0x4 D:/STM32CubeIDE_1.13.1/STM32CubeIDE/plugins/com.st.stm32cube.ide.mcu.externaltools.gnu-tools-for-stm32.11.3.rel1.win32_1.1.0.202305231506/tools/bin/../lib/gcc/arm-none-eabi/11.3.1/../../../../arm-none-eabi/lib/thumb/v7-m/nofp\libc_nano.a(libc_a-mallocr.o)
                0x0000000020000474                __malloc_free_list
 .bss.__malloc_sbrk_start
                0x0000000020000478        0x4 D:/STM32CubeIDE_1.13.1/STM32CubeIDE/plugins/com.st.stm32cube.ide.mcu.externaltools.gnu-tools-for-stm32.11.3.rel1.win32_1.1.0.202305231506/tools/bin/../lib/gcc/arm-none-eabi/11.3.1/../../../../arm-none-eabi/lib/thumb/v7-m/nofp\libc_nano.a(libc_a-mallocr.o)
                0x0000000020000478                __malloc_sbrk_start
 *(COMMON)
                0x000000002000047c                . = ALIGN (0x4)
                0x000000002000047c                _ebss = .
                0x000000002000047c                __bss_end__ = _ebss

._user_heap_stack
                0x000000002000047c      0x604 load address 0x0000000008004cd8
                0x0000000020000480                . = ALIGN (0x8)
 *fill*         0x000000002000047c        0x4 
                [!provide]                        PROVIDE (end = .)
                0x0000000020000480                PROVIDE (_end = .)
                0x0000000020000680                . = (. + _Min_Heap_Size)
 *fill*         0x0000000020000480      0x200 
                0x0000000020000a80                . = (. + _Min_Stack_Size)
 *fill*         0x0000000020000680      0x400 
                0x0000000020000a80                . = ALIGN (0x8)

/DISCARD/
 libc.a(*)
 libm.a(*)
 libgcc.a(*)

.ARM.attributes
                0x0000000000000000       0x29
 *(.ARM.attributes)
 .ARM.attributes
                0x0000000000000000       0x1d D:/STM32CubeIDE_1.13.1/STM32CubeIDE/plugins/com.st.stm32cube.ide.mcu.externaltools.gnu-tools-for-stm32.11.3.rel1.win32_1.1.0.202305231506/tools/bin/../lib/gcc/arm-none-eabi/11.3.1/thumb/v7-m/nofp/crti.o
 .ARM.attributes
                0x000000000000001d       0x2d D:/STM32CubeIDE_1.13.1/STM32CubeIDE/plugins/com.st.stm32cube.ide.mcu.externaltools.gnu-tools-for-stm32.11.3.rel1.win32_1.1.0.202305231506/tools/bin/../lib/gcc/arm-none-eabi/11.3.1/thumb/v7-m/nofp/crtbegin.o
 .ARM.attributes
                0x000000000000004a       0x2d ./Core/Src/button.o
 .ARM.attributes
                0x0000000000000077       0x2d ./Core/Src/fsm_automatic.o
 .ARM.attributes
                0x00000000000000a4       0x2d ./Core/Src/fsm_manual.o
 .ARM.attributes
                0x00000000000000d1       0x2d ./Core/Src/global.o
 .ARM.attributes
                0x00000000000000fe       0x2d ./Core/Src/main.o
 .ARM.attributes
                0x000000000000012b       0x2d ./Core/Src/scheduler.o
 .ARM.attributes
                0x0000000000000158       0x2d ./Core/Src/software_timer.o
 .ARM.attributes
                0x0000000000000185       0x2d ./Core/Src/stm32f1xx_hal_msp.o
 .ARM.attributes
                0x00000000000001b2       0x2d ./Core/Src/stm32f1xx_it.o
 .ARM.attributes
                0x00000000000001df       0x2d ./Core/Src/syscalls.o
 .ARM.attributes
                0x000000000000020c       0x2d ./Core/Src/sysmem.o
 .ARM.attributes
                0x0000000000000239       0x2d ./Core/Src/system_stm32f1xx.o
 .ARM.attributes
                0x0000000000000266       0x21 ./Core/Startup/startup_stm32f103rbtx.o
 .ARM.attributes
                0x0000000000000287       0x2d ./Drivers/STM32F1xx_HAL_Driver/Src/stm32f1xx_hal.o
 .ARM.attributes
                0x00000000000002b4       0x2d ./Drivers/STM32F1xx_HAL_Driver/Src/stm32f1xx_hal_cortex.o
 .ARM.attributes
                0x00000000000002e1       0x2d ./Drivers/STM32F1xx_HAL_Driver/Src/stm32f1xx_hal_gpio.o
 .ARM.attributes
                0x000000000000030e       0x2d ./Drivers/STM32F1xx_HAL_Driver/Src/stm32f1xx_hal_rcc.o
 .ARM.attributes
                0x000000000000033b       0x2d ./Drivers/STM32F1xx_HAL_Driver/Src/stm32f1xx_hal_tim.o
 .ARM.attributes
                0x0000000000000368       0x2d ./Drivers/STM32F1xx_HAL_Driver/Src/stm32f1xx_hal_tim_ex.o
 .ARM.attributes
                0x0000000000000395       0x2d ./Drivers/STM32F1xx_HAL_Driver/Src/stm32f1xx_hal_uart.o
 .ARM.attributes
                0x00000000000003c2       0x2d D:/STM32CubeIDE_1.13.1/STM32CubeIDE/plugins/com.st.stm32cube.ide.mcu.externaltools.gnu-tools-for-stm32.11.3.rel1.win32_1.1.0.202305231506/tools/bin/../lib/gcc/arm-none-eabi/11.3.1/../../../../arm-none-eabi/lib/thumb/v7-m/nofp\libc_nano.a(libc_a-findfp.o)
 .ARM.attributes
                0x00000000000003ef       0x2d D:/STM32CubeIDE_1.13.1/STM32CubeIDE/plugins/com.st.stm32cube.ide.mcu.externaltools.gnu-tools-for-stm32.11.3.rel1.win32_1.1.0.202305231506/tools/bin/../lib/gcc/arm-none-eabi/11.3.1/../../../../arm-none-eabi/lib/thumb/v7-m/nofp\libc_nano.a(libc_a-fwalk.o)
 .ARM.attributes
                0x000000000000041c       0x2d D:/STM32CubeIDE_1.13.1/STM32CubeIDE/plugins/com.st.stm32cube.ide.mcu.externaltools.gnu-tools-for-stm32.11.3.rel1.win32_1.1.0.202305231506/tools/bin/../lib/gcc/arm-none-eabi/11.3.1/../../../../arm-none-eabi/lib/thumb/v7-m/nofp\libc_nano.a(libc_a-printf.o)
 .ARM.attributes
                0x0000000000000449       0x2d D:/STM32CubeIDE_1.13.1/STM32CubeIDE/plugins/com.st.stm32cube.ide.mcu.externaltools.gnu-tools-for-stm32.11.3.rel1.win32_1.1.0.202305231506/tools/bin/../lib/gcc/arm-none-eabi/11.3.1/../../../../arm-none-eabi/lib/thumb/v7-m/nofp\libc_nano.a(libc_a-puts.o)
 .ARM.attributes
                0x0000000000000476       0x2d D:/STM32CubeIDE_1.13.1/STM32CubeIDE/plugins/com.st.stm32cube.ide.mcu.externaltools.gnu-tools-for-stm32.11.3.rel1.win32_1.1.0.202305231506/tools/bin/../lib/gcc/arm-none-eabi/11.3.1/../../../../arm-none-eabi/lib/thumb/v7-m/nofp\libc_nano.a(libc_a-stdio.o)
 .ARM.attributes
                0x00000000000004a3       0x2d D:/STM32CubeIDE_1.13.1/STM32CubeIDE/plugins/com.st.stm32cube.ide.mcu.externaltools.gnu-tools-for-stm32.11.3.rel1.win32_1.1.0.202305231506/tools/bin/../lib/gcc/arm-none-eabi/11.3.1/../../../../arm-none-eabi/lib/thumb/v7-m/nofp\libc_nano.a(libc_a-wbuf.o)
 .ARM.attributes
                0x00000000000004d0       0x2d D:/STM32CubeIDE_1.13.1/STM32CubeIDE/plugins/com.st.stm32cube.ide.mcu.externaltools.gnu-tools-for-stm32.11.3.rel1.win32_1.1.0.202305231506/tools/bin/../lib/gcc/arm-none-eabi/11.3.1/../../../../arm-none-eabi/lib/thumb/v7-m/nofp\libc_nano.a(libc_a-wsetup.o)
 .ARM.attributes
                0x00000000000004fd       0x2d D:/STM32CubeIDE_1.13.1/STM32CubeIDE/plugins/com.st.stm32cube.ide.mcu.externaltools.gnu-tools-for-stm32.11.3.rel1.win32_1.1.0.202305231506/tools/bin/../lib/gcc/arm-none-eabi/11.3.1/../../../../arm-none-eabi/lib/thumb/v7-m/nofp\libc_nano.a(libc_a-memset.o)
 .ARM.attributes
                0x000000000000052a       0x2d D:/STM32CubeIDE_1.13.1/STM32CubeIDE/plugins/com.st.stm32cube.ide.mcu.externaltools.gnu-tools-for-stm32.11.3.rel1.win32_1.1.0.202305231506/tools/bin/../lib/gcc/arm-none-eabi/11.3.1/../../../../arm-none-eabi/lib/thumb/v7-m/nofp\libc_nano.a(libc_a-closer.o)
 .ARM.attributes
                0x0000000000000557       0x2d D:/STM32CubeIDE_1.13.1/STM32CubeIDE/plugins/com.st.stm32cube.ide.mcu.externaltools.gnu-tools-for-stm32.11.3.rel1.win32_1.1.0.202305231506/tools/bin/../lib/gcc/arm-none-eabi/11.3.1/../../../../arm-none-eabi/lib/thumb/v7-m/nofp\libc_nano.a(libc_a-reent.o)
 .ARM.attributes
                0x0000000000000584       0x2d D:/STM32CubeIDE_1.13.1/STM32CubeIDE/plugins/com.st.stm32cube.ide.mcu.externaltools.gnu-tools-for-stm32.11.3.rel1.win32_1.1.0.202305231506/tools/bin/../lib/gcc/arm-none-eabi/11.3.1/../../../../arm-none-eabi/lib/thumb/v7-m/nofp\libc_nano.a(libc_a-impure.o)
 .ARM.attributes
                0x00000000000005b1       0x2d D:/STM32CubeIDE_1.13.1/STM32CubeIDE/plugins/com.st.stm32cube.ide.mcu.externaltools.gnu-tools-for-stm32.11.3.rel1.win32_1.1.0.202305231506/tools/bin/../lib/gcc/arm-none-eabi/11.3.1/../../../../arm-none-eabi/lib/thumb/v7-m/nofp\libc_nano.a(libc_a-lseekr.o)
 .ARM.attributes
                0x00000000000005de       0x2d D:/STM32CubeIDE_1.13.1/STM32CubeIDE/plugins/com.st.stm32cube.ide.mcu.externaltools.gnu-tools-for-stm32.11.3.rel1.win32_1.1.0.202305231506/tools/bin/../lib/gcc/arm-none-eabi/11.3.1/../../../../arm-none-eabi/lib/thumb/v7-m/nofp\libc_nano.a(libc_a-readr.o)
 .ARM.attributes
                0x000000000000060b       0x2d D:/STM32CubeIDE_1.13.1/STM32CubeIDE/plugins/com.st.stm32cube.ide.mcu.externaltools.gnu-tools-for-stm32.11.3.rel1.win32_1.1.0.202305231506/tools/bin/../lib/gcc/arm-none-eabi/11.3.1/../../../../arm-none-eabi/lib/thumb/v7-m/nofp\libc_nano.a(libc_a-writer.o)
 .ARM.attributes
                0x0000000000000638       0x2d D:/STM32CubeIDE_1.13.1/STM32CubeIDE/plugins/com.st.stm32cube.ide.mcu.externaltools.gnu-tools-for-stm32.11.3.rel1.win32_1.1.0.202305231506/tools/bin/../lib/gcc/arm-none-eabi/11.3.1/../../../../arm-none-eabi/lib/thumb/v7-m/nofp\libc_nano.a(libc_a-errno.o)
 .ARM.attributes
                0x0000000000000665       0x2d D:/STM32CubeIDE_1.13.1/STM32CubeIDE/plugins/com.st.stm32cube.ide.mcu.externaltools.gnu-tools-for-stm32.11.3.rel1.win32_1.1.0.202305231506/tools/bin/../lib/gcc/arm-none-eabi/11.3.1/../../../../arm-none-eabi/lib/thumb/v7-m/nofp\libc_nano.a(libc_a-init.o)
 .ARM.attributes
                0x0000000000000692       0x2d D:/STM32CubeIDE_1.13.1/STM32CubeIDE/plugins/com.st.stm32cube.ide.mcu.externaltools.gnu-tools-for-stm32.11.3.rel1.win32_1.1.0.202305231506/tools/bin/../lib/gcc/arm-none-eabi/11.3.1/../../../../arm-none-eabi/lib/thumb/v7-m/nofp\libc_nano.a(libc_a-lock.o)
 .ARM.attributes
                0x00000000000006bf       0x2d D:/STM32CubeIDE_1.13.1/STM32CubeIDE/plugins/com.st.stm32cube.ide.mcu.externaltools.gnu-tools-for-stm32.11.3.rel1.win32_1.1.0.202305231506/tools/bin/../lib/gcc/arm-none-eabi/11.3.1/../../../../arm-none-eabi/lib/thumb/v7-m/nofp\libc_nano.a(libc_a-freer.o)
 .ARM.attributes
                0x00000000000006ec       0x2d D:/STM32CubeIDE_1.13.1/STM32CubeIDE/plugins/com.st.stm32cube.ide.mcu.externaltools.gnu-tools-for-stm32.11.3.rel1.win32_1.1.0.202305231506/tools/bin/../lib/gcc/arm-none-eabi/11.3.1/../../../../arm-none-eabi/lib/thumb/v7-m/nofp\libc_nano.a(libc_a-mallocr.o)
 .ARM.attributes
                0x0000000000000719       0x2d D:/STM32CubeIDE_1.13.1/STM32CubeIDE/plugins/com.st.stm32cube.ide.mcu.externaltools.gnu-tools-for-stm32.11.3.rel1.win32_1.1.0.202305231506/tools/bin/../lib/gcc/arm-none-eabi/11.3.1/../../../../arm-none-eabi/lib/thumb/v7-m/nofp\libc_nano.a(libc_a-mlock.o)
 .ARM.attributes
                0x0000000000000746       0x2d D:/STM32CubeIDE_1.13.1/STM32CubeIDE/plugins/com.st.stm32cube.ide.mcu.externaltools.gnu-tools-for-stm32.11.3.rel1.win32_1.1.0.202305231506/tools/bin/../lib/gcc/arm-none-eabi/11.3.1/../../../../arm-none-eabi/lib/thumb/v7-m/nofp\libc_nano.a(libc_a-nano-vfprintf.o)
 .ARM.attributes
                0x0000000000000773       0x2d D:/STM32CubeIDE_1.13.1/STM32CubeIDE/plugins/com.st.stm32cube.ide.mcu.externaltools.gnu-tools-for-stm32.11.3.rel1.win32_1.1.0.202305231506/tools/bin/../lib/gcc/arm-none-eabi/11.3.1/../../../../arm-none-eabi/lib/thumb/v7-m/nofp\libc_nano.a(libc_a-nano-vfprintf_i.o)
 .ARM.attributes
                0x00000000000007a0       0x2d D:/STM32CubeIDE_1.13.1/STM32CubeIDE/plugins/com.st.stm32cube.ide.mcu.externaltools.gnu-tools-for-stm32.11.3.rel1.win32_1.1.0.202305231506/tools/bin/../lib/gcc/arm-none-eabi/11.3.1/../../../../arm-none-eabi/lib/thumb/v7-m/nofp\libc_nano.a(libc_a-fflush.o)
 .ARM.attributes
                0x00000000000007cd       0x2d D:/STM32CubeIDE_1.13.1/STM32CubeIDE/plugins/com.st.stm32cube.ide.mcu.externaltools.gnu-tools-for-stm32.11.3.rel1.win32_1.1.0.202305231506/tools/bin/../lib/gcc/arm-none-eabi/11.3.1/../../../../arm-none-eabi/lib/thumb/v7-m/nofp\libc_nano.a(libc_a-makebuf.o)
 .ARM.attributes
                0x00000000000007fa       0x2d D:/STM32CubeIDE_1.13.1/STM32CubeIDE/plugins/com.st.stm32cube.ide.mcu.externaltools.gnu-tools-for-stm32.11.3.rel1.win32_1.1.0.202305231506/tools/bin/../lib/gcc/arm-none-eabi/11.3.1/../../../../arm-none-eabi/lib/thumb/v7-m/nofp\libc_nano.a(libc_a-fstatr.o)
 .ARM.attributes
                0x0000000000000827       0x2d D:/STM32CubeIDE_1.13.1/STM32CubeIDE/plugins/com.st.stm32cube.ide.mcu.externaltools.gnu-tools-for-stm32.11.3.rel1.win32_1.1.0.202305231506/tools/bin/../lib/gcc/arm-none-eabi/11.3.1/../../../../arm-none-eabi/lib/thumb/v7-m/nofp\libc_nano.a(libc_a-isattyr.o)
 .ARM.attributes
                0x0000000000000854       0x2d D:/STM32CubeIDE_1.13.1/STM32CubeIDE/plugins/com.st.stm32cube.ide.mcu.externaltools.gnu-tools-for-stm32.11.3.rel1.win32_1.1.0.202305231506/tools/bin/../lib/gcc/arm-none-eabi/11.3.1/../../../../arm-none-eabi/lib/thumb/v7-m/nofp\libc_nano.a(libc_a-sbrkr.o)
 .ARM.attributes
                0x0000000000000881       0x2d D:/STM32CubeIDE_1.13.1/STM32CubeIDE/plugins/com.st.stm32cube.ide.mcu.externaltools.gnu-tools-for-stm32.11.3.rel1.win32_1.1.0.202305231506/tools/bin/../lib/gcc/arm-none-eabi/11.3.1/../../../../arm-none-eabi/lib/thumb/v7-m/nofp\libc_nano.a(libc_a-memchr-stub.o)
 .ARM.attributes
                0x00000000000008ae       0x1d D:/STM32CubeIDE_1.13.1/STM32CubeIDE/plugins/com.st.stm32cube.ide.mcu.externaltools.gnu-tools-for-stm32.11.3.rel1.win32_1.1.0.202305231506/tools/bin/../lib/gcc/arm-none-eabi/11.3.1/thumb/v7-m/nofp/crtn.o
OUTPUT(FinalProjectVxl.elf elf32-littlearm)
LOAD linker stubs
LOAD D:/STM32CubeIDE_1.13.1/STM32CubeIDE/plugins/com.st.stm32cube.ide.mcu.externaltools.gnu-tools-for-stm32.11.3.rel1.win32_1.1.0.202305231506/tools/bin/../lib/gcc/arm-none-eabi/11.3.1/../../../../arm-none-eabi/lib/thumb/v7-m/nofp\libc.a
LOAD D:/STM32CubeIDE_1.13.1/STM32CubeIDE/plugins/com.st.stm32cube.ide.mcu.externaltools.gnu-tools-for-stm32.11.3.rel1.win32_1.1.0.202305231506/tools/bin/../lib/gcc/arm-none-eabi/11.3.1/../../../../arm-none-eabi/lib/thumb/v7-m/nofp\libm.a
LOAD D:/STM32CubeIDE_1.13.1/STM32CubeIDE/plugins/com.st.stm32cube.ide.mcu.externaltools.gnu-tools-for-stm32.11.3.rel1.win32_1.1.0.202305231506/tools/bin/../lib/gcc/arm-none-eabi/11.3.1/thumb/v7-m/nofp\libgcc.a

.comment        0x0000000000000000       0x43
 .comment       0x0000000000000000       0x43 D:/STM32CubeIDE_1.13.1/STM32CubeIDE/plugins/com.st.stm32cube.ide.mcu.externaltools.gnu-tools-for-stm32.11.3.rel1.win32_1.1.0.202305231506/tools/bin/../lib/gcc/arm-none-eabi/11.3.1/thumb/v7-m/nofp/crtbegin.o
                                         0x44 (size before relaxing)
 .comment       0x0000000000000043       0x44 ./Core/Src/button.o
 .comment       0x0000000000000043       0x44 ./Core/Src/fsm_automatic.o
 .comment       0x0000000000000043       0x44 ./Core/Src/fsm_manual.o
 .comment       0x0000000000000043       0x44 ./Core/Src/global.o
 .comment       0x0000000000000043       0x44 ./Core/Src/main.o
 .comment       0x0000000000000043       0x44 ./Core/Src/scheduler.o
 .comment       0x0000000000000043       0x44 ./Core/Src/software_timer.o
 .comment       0x0000000000000043       0x44 ./Core/Src/stm32f1xx_hal_msp.o
 .comment       0x0000000000000043       0x44 ./Core/Src/stm32f1xx_it.o
 .comment       0x0000000000000043       0x44 ./Core/Src/syscalls.o
 .comment       0x0000000000000043       0x44 ./Core/Src/sysmem.o
 .comment       0x0000000000000043       0x44 ./Core/Src/system_stm32f1xx.o
 .comment       0x0000000000000043       0x44 ./Drivers/STM32F1xx_HAL_Driver/Src/stm32f1xx_hal.o
 .comment       0x0000000000000043       0x44 ./Drivers/STM32F1xx_HAL_Driver/Src/stm32f1xx_hal_cortex.o
 .comment       0x0000000000000043       0x44 ./Drivers/STM32F1xx_HAL_Driver/Src/stm32f1xx_hal_gpio.o
 .comment       0x0000000000000043       0x44 ./Drivers/STM32F1xx_HAL_Driver/Src/stm32f1xx_hal_rcc.o
 .comment       0x0000000000000043       0x44 ./Drivers/STM32F1xx_HAL_Driver/Src/stm32f1xx_hal_tim.o
 .comment       0x0000000000000043       0x44 ./Drivers/STM32F1xx_HAL_Driver/Src/stm32f1xx_hal_tim_ex.o
 .comment       0x0000000000000043       0x44 ./Drivers/STM32F1xx_HAL_Driver/Src/stm32f1xx_hal_uart.o

.debug_info     0x0000000000000000     0xd28f
 .debug_info    0x0000000000000000      0x243 ./Core/Src/button.o
 .debug_info    0x0000000000000243      0x82f ./Core/Src/fsm_automatic.o
 .debug_info    0x0000000000000a72      0x1e3 ./Core/Src/fsm_manual.o
 .debug_info    0x0000000000000c55      0x84d ./Core/Src/global.o
 .debug_info    0x00000000000014a2      0xf95 ./Core/Src/main.o
 .debug_info    0x0000000000002437      0x283 ./Core/Src/scheduler.o
 .debug_info    0x00000000000026ba       0xc9 ./Core/Src/software_timer.o
 .debug_info    0x0000000000002783      0xd92 ./Core/Src/stm32f1xx_hal_msp.o
 .debug_info    0x0000000000003515      0x6a1 ./Core/Src/stm32f1xx_it.o
 .debug_info    0x0000000000003bb6      0x6a3 ./Core/Src/syscalls.o
 .debug_info    0x0000000000004259      0x168 ./Core/Src/sysmem.o
 .debug_info    0x00000000000043c1      0x222 ./Core/Src/system_stm32f1xx.o
 .debug_info    0x00000000000045e3       0x23 ./Core/Startup/startup_stm32f103rbtx.o
 .debug_info    0x0000000000004606      0x704 ./Drivers/STM32F1xx_HAL_Driver/Src/stm32f1xx_hal.o
 .debug_info    0x0000000000004d0a      0xa87 ./Drivers/STM32F1xx_HAL_Driver/Src/stm32f1xx_hal_cortex.o
 .debug_info    0x0000000000005791      0x5ab ./Drivers/STM32F1xx_HAL_Driver/Src/stm32f1xx_hal_gpio.o
 .debug_info    0x0000000000005d3c      0x7d5 ./Drivers/STM32F1xx_HAL_Driver/Src/stm32f1xx_hal_rcc.o
 .debug_info    0x0000000000006511     0x293b ./Drivers/STM32F1xx_HAL_Driver/Src/stm32f1xx_hal_tim.o
 .debug_info    0x0000000000008e4c     0x149b ./Drivers/STM32F1xx_HAL_Driver/Src/stm32f1xx_hal_tim_ex.o
 .debug_info    0x000000000000a2e7     0x2fa8 ./Drivers/STM32F1xx_HAL_Driver/Src/stm32f1xx_hal_uart.o

.debug_abbrev   0x0000000000000000     0x23f8
 .debug_abbrev  0x0000000000000000      0x154 ./Core/Src/button.o
 .debug_abbrev  0x0000000000000154      0x1f2 ./Core/Src/fsm_automatic.o
 .debug_abbrev  0x0000000000000346      0x100 ./Core/Src/fsm_manual.o
 .debug_abbrev  0x0000000000000446      0x1ee ./Core/Src/global.o
 .debug_abbrev  0x0000000000000634      0x320 ./Core/Src/main.o
 .debug_abbrev  0x0000000000000954      0x153 ./Core/Src/scheduler.o
 .debug_abbrev  0x0000000000000aa7       0xb9 ./Core/Src/software_timer.o
 .debug_abbrev  0x0000000000000b60      0x1dd ./Core/Src/stm32f1xx_hal_msp.o
 .debug_abbrev  0x0000000000000d3d      0x191 ./Core/Src/stm32f1xx_it.o
 .debug_abbrev  0x0000000000000ece      0x1b6 ./Core/Src/syscalls.o
 .debug_abbrev  0x0000000000001084       0xbc ./Core/Src/sysmem.o
 .debug_abbrev  0x0000000000001140      0x13f ./Core/Src/system_stm32f1xx.o
 .debug_abbrev  0x000000000000127f       0x12 ./Core/Startup/startup_stm32f103rbtx.o
 .debug_abbrev  0x0000000000001291      0x201 ./Drivers/STM32F1xx_HAL_Driver/Src/stm32f1xx_hal.o
 .debug_abbrev  0x0000000000001492      0x2f8 ./Drivers/STM32F1xx_HAL_Driver/Src/stm32f1xx_hal_cortex.o
 .debug_abbrev  0x000000000000178a      0x1ca ./Drivers/STM32F1xx_HAL_Driver/Src/stm32f1xx_hal_gpio.o
 .debug_abbrev  0x0000000000001954      0x2b3 ./Drivers/STM32F1xx_HAL_Driver/Src/stm32f1xx_hal_rcc.o
 .debug_abbrev  0x0000000000001c07      0x277 ./Drivers/STM32F1xx_HAL_Driver/Src/stm32f1xx_hal_tim.o
 .debug_abbrev  0x0000000000001e7e      0x282 ./Drivers/STM32F1xx_HAL_Driver/Src/stm32f1xx_hal_tim_ex.o
 .debug_abbrev  0x0000000000002100      0x2f8 ./Drivers/STM32F1xx_HAL_Driver/Src/stm32f1xx_hal_uart.o

.debug_aranges  0x0000000000000000      0xd60
 .debug_aranges
                0x0000000000000000       0x30 ./Core/Src/button.o
 .debug_aranges
                0x0000000000000030       0x20 ./Core/Src/fsm_automatic.o
 .debug_aranges
                0x0000000000000050       0x28 ./Core/Src/fsm_manual.o
 .debug_aranges
                0x0000000000000078       0x48 ./Core/Src/global.o
 .debug_aranges
                0x00000000000000c0       0x60 ./Core/Src/main.o
 .debug_aranges
                0x0000000000000120       0x48 ./Core/Src/scheduler.o
 .debug_aranges
                0x0000000000000168       0x28 ./Core/Src/software_timer.o
 .debug_aranges
                0x0000000000000190       0x48 ./Core/Src/stm32f1xx_hal_msp.o
 .debug_aranges
                0x00000000000001d8       0x68 ./Core/Src/stm32f1xx_it.o
 .debug_aranges
                0x0000000000000240       0xa8 ./Core/Src/syscalls.o
 .debug_aranges
                0x00000000000002e8       0x20 ./Core/Src/sysmem.o
 .debug_aranges
                0x0000000000000308       0x28 ./Core/Src/system_stm32f1xx.o
 .debug_aranges
                0x0000000000000330       0x28 ./Core/Startup/startup_stm32f103rbtx.o
 .debug_aranges
                0x0000000000000358       0xe0 ./Drivers/STM32F1xx_HAL_Driver/Src/stm32f1xx_hal.o
 .debug_aranges
                0x0000000000000438      0x100 ./Drivers/STM32F1xx_HAL_Driver/Src/stm32f1xx_hal_cortex.o
 .debug_aranges
                0x0000000000000538       0x58 ./Drivers/STM32F1xx_HAL_Driver/Src/stm32f1xx_hal_gpio.o
 .debug_aranges
                0x0000000000000590       0x90 ./Drivers/STM32F1xx_HAL_Driver/Src/stm32f1xx_hal_rcc.o
 .debug_aranges
                0x0000000000000620      0x3d0 ./Drivers/STM32F1xx_HAL_Driver/Src/stm32f1xx_hal_tim.o
 .debug_aranges
                0x00000000000009f0      0x168 ./Drivers/STM32F1xx_HAL_Driver/Src/stm32f1xx_hal_tim_ex.o
 .debug_aranges
                0x0000000000000b58      0x208 ./Drivers/STM32F1xx_HAL_Driver/Src/stm32f1xx_hal_uart.o

.debug_rnglists
                0x0000000000000000      0xa53
 .debug_rnglists
                0x0000000000000000       0x20 ./Core/Src/button.o
 .debug_rnglists
                0x0000000000000020       0x14 ./Core/Src/fsm_automatic.o
 .debug_rnglists
                0x0000000000000034       0x1a ./Core/Src/fsm_manual.o
 .debug_rnglists
                0x000000000000004e       0x34 ./Core/Src/global.o
 .debug_rnglists
                0x0000000000000082       0x47 ./Core/Src/main.o
 .debug_rnglists
                0x00000000000000c9       0x33 ./Core/Src/scheduler.o
 .debug_rnglists
                0x00000000000000fc       0x19 ./Core/Src/software_timer.o
 .debug_rnglists
                0x0000000000000115       0x32 ./Core/Src/stm32f1xx_hal_msp.o
 .debug_rnglists
                0x0000000000000147       0x49 ./Core/Src/stm32f1xx_it.o
 .debug_rnglists
                0x0000000000000190       0x79 ./Core/Src/syscalls.o
 .debug_rnglists
                0x0000000000000209       0x13 ./Core/Src/sysmem.o
 .debug_rnglists
                0x000000000000021c       0x1a ./Core/Src/system_stm32f1xx.o
 .debug_rnglists
                0x0000000000000236       0x19 ./Core/Startup/startup_stm32f103rbtx.o
 .debug_rnglists
                0x000000000000024f       0xa3 ./Drivers/STM32F1xx_HAL_Driver/Src/stm32f1xx_hal.o
 .debug_rnglists
                0x00000000000002f2       0xbb ./Drivers/STM32F1xx_HAL_Driver/Src/stm32f1xx_hal_cortex.o
 .debug_rnglists
                0x00000000000003ad       0x3f ./Drivers/STM32F1xx_HAL_Driver/Src/stm32f1xx_hal_gpio.o
 .debug_rnglists
                0x00000000000003ec       0x6c ./Drivers/STM32F1xx_HAL_Driver/Src/stm32f1xx_hal_rcc.o
 .debug_rnglists
                0x0000000000000458      0x31a ./Drivers/STM32F1xx_HAL_Driver/Src/stm32f1xx_hal_tim.o
 .debug_rnglists
                0x0000000000000772      0x125 ./Drivers/STM32F1xx_HAL_Driver/Src/stm32f1xx_hal_tim_ex.o
 .debug_rnglists
                0x0000000000000897      0x1bc ./Drivers/STM32F1xx_HAL_Driver/Src/stm32f1xx_hal_uart.o

.debug_macro    0x0000000000000000    0x19276
 .debug_macro   0x0000000000000000      0x1c1 ./Core/Src/button.o
 .debug_macro   0x00000000000001c1      0xa9c ./Core/Src/button.o
 .debug_macro   0x0000000000000c5d      0x21b ./Core/Src/button.o
 .debug_macro   0x0000000000000e78       0x2e ./Core/Src/button.o
 .debug_macro   0x0000000000000ea6       0x22 ./Core/Src/button.o
 .debug_macro   0x0000000000000ec8       0x22 ./Core/Src/button.o
 .debug_macro   0x0000000000000eea       0x8e ./Core/Src/button.o
 .debug_macro   0x0000000000000f78       0x51 ./Core/Src/button.o
 .debug_macro   0x0000000000000fc9      0x103 ./Core/Src/button.o
 .debug_macro   0x00000000000010cc       0x6a ./Core/Src/button.o
 .debug_macro   0x0000000000001136      0x1df ./Core/Src/button.o
 .debug_macro   0x0000000000001315       0x1c ./Core/Src/button.o
 .debug_macro   0x0000000000001331       0x22 ./Core/Src/button.o
 .debug_macro   0x0000000000001353       0xbd ./Core/Src/button.o
 .debug_macro   0x0000000000001410      0xd23 ./Core/Src/button.o
 .debug_macro   0x0000000000002133     0xe09e ./Core/Src/button.o
 .debug_macro   0x00000000000101d1       0x6d ./Core/Src/button.o
 .debug_macro   0x000000000001023e     0x348d ./Core/Src/button.o
 .debug_macro   0x00000000000136cb      0x174 ./Core/Src/button.o
 .debug_macro   0x000000000001383f       0x5c ./Core/Src/button.o
 .debug_macro   0x000000000001389b      0x5bc ./Core/Src/button.o
 .debug_macro   0x0000000000013e57      0x289 ./Core/Src/button.o
 .debug_macro   0x00000000000140e0      0x1cb ./Core/Src/button.o
 .debug_macro   0x00000000000142ab      0x114 ./Core/Src/button.o
 .debug_macro   0x00000000000143bf      0x1b2 ./Core/Src/button.o
 .debug_macro   0x0000000000014571       0x27 ./Core/Src/button.o
 .debug_macro   0x0000000000014598      0x136 ./Core/Src/button.o
 .debug_macro   0x00000000000146ce      0x1bc ./Core/Src/button.o
 .debug_macro   0x000000000001488a       0x34 ./Core/Src/button.o
 .debug_macro   0x00000000000148be       0x3c ./Core/Src/button.o
 .debug_macro   0x00000000000148fa       0x57 ./Core/Src/button.o
 .debug_macro   0x0000000000014951       0x87 ./Core/Src/button.o
 .debug_macro   0x00000000000149d8      0x240 ./Core/Src/button.o
 .debug_macro   0x0000000000014c18      0x140 ./Core/Src/button.o
 .debug_macro   0x0000000000014d58      0x8ed ./Core/Src/button.o
 .debug_macro   0x0000000000015645      0x28e ./Core/Src/button.o
 .debug_macro   0x00000000000158d3       0x83 ./Core/Src/button.o
 .debug_macro   0x0000000000015956       0x7c ./Core/Src/button.o
 .debug_macro   0x00000000000159d2       0x10 ./Core/Src/button.o
 .debug_macro   0x00000000000159e2      0x2d1 ./Core/Src/fsm_automatic.o
 .debug_macro   0x0000000000015cb3       0x5b ./Core/Src/fsm_automatic.o
 .debug_macro   0x0000000000015d0e       0x24 ./Core/Src/fsm_automatic.o
 .debug_macro   0x0000000000015d32       0x94 ./Core/Src/fsm_automatic.o
 .debug_macro   0x0000000000015dc6       0x43 ./Core/Src/fsm_automatic.o
 .debug_macro   0x0000000000015e09       0x34 ./Core/Src/fsm_automatic.o
 .debug_macro   0x0000000000015e3d       0x16 ./Core/Src/fsm_automatic.o
 .debug_macro   0x0000000000015e53       0x57 ./Core/Src/fsm_automatic.o
 .debug_macro   0x0000000000015eaa       0x97 ./Core/Src/fsm_automatic.o
 .debug_macro   0x0000000000015f41      0x369 ./Core/Src/fsm_automatic.o
 .debug_macro   0x00000000000162aa       0xfd ./Core/Src/fsm_automatic.o
 .debug_macro   0x00000000000163a7       0x10 ./Core/Src/fsm_automatic.o
 .debug_macro   0x00000000000163b7       0x16 ./Core/Src/fsm_automatic.o
 .debug_macro   0x00000000000163cd       0x43 ./Core/Src/fsm_automatic.o
 .debug_macro   0x0000000000016410       0x34 ./Core/Src/fsm_automatic.o
 .debug_macro   0x0000000000016444       0x10 ./Core/Src/fsm_automatic.o
 .debug_macro   0x0000000000016454       0x58 ./Core/Src/fsm_automatic.o
 .debug_macro   0x00000000000164ac       0x8e ./Core/Src/fsm_automatic.o
 .debug_macro   0x000000000001653a       0x1c ./Core/Src/fsm_automatic.o
 .debug_macro   0x0000000000016556      0x177 ./Core/Src/fsm_automatic.o
 .debug_macro   0x00000000000166cd       0x16 ./Core/Src/fsm_automatic.o
 .debug_macro   0x00000000000166e3       0x16 ./Core/Src/fsm_automatic.o
 .debug_macro   0x00000000000166f9      0x147 ./Core/Src/fsm_automatic.o
 .debug_macro   0x0000000000016840       0x56 ./Core/Src/fsm_automatic.o
 .debug_macro   0x0000000000016896       0x16 ./Core/Src/fsm_automatic.o
 .debug_macro   0x00000000000168ac       0x34 ./Core/Src/fsm_automatic.o
 .debug_macro   0x00000000000168e0      0x2d5 ./Core/Src/fsm_manual.o
 .debug_macro   0x0000000000016bb5      0x2d1 ./Core/Src/global.o
 .debug_macro   0x0000000000016e86      0x2d7 ./Core/Src/main.o
 .debug_macro   0x000000000001715d       0x61 ./Core/Src/main.o
 .debug_macro   0x00000000000171be       0x35 ./Core/Src/main.o
 .debug_macro   0x00000000000171f3       0x84 ./Core/Src/scheduler.o
 .debug_macro   0x0000000000017277       0x10 ./Core/Src/scheduler.o
 .debug_macro   0x0000000000017287       0x1b ./Core/Src/software_timer.o
 .debug_macro   0x00000000000172a2      0x1b2 ./Core/Src/stm32f1xx_hal_msp.o
 .debug_macro   0x0000000000017454      0x1bc ./Core/Src/stm32f1xx_it.o
 .debug_macro   0x0000000000017610      0x274 ./Core/Src/syscalls.o
 .debug_macro   0x0000000000017884       0x10 ./Core/Src/syscalls.o
 .debug_macro   0x0000000000017894       0x10 ./Core/Src/syscalls.o
 .debug_macro   0x00000000000178a4       0x10 ./Core/Src/syscalls.o
 .debug_macro   0x00000000000178b4       0x10 ./Core/Src/syscalls.o
 .debug_macro   0x00000000000178c4       0x1c ./Core/Src/syscalls.o
 .debug_macro   0x00000000000178e0       0x52 ./Core/Src/syscalls.o
 .debug_macro   0x0000000000017932       0x22 ./Core/Src/syscalls.o
 .debug_macro   0x0000000000017954       0x10 ./Core/Src/syscalls.o
 .debug_macro   0x0000000000017964       0x52 ./Core/Src/syscalls.o
 .debug_macro   0x00000000000179b6       0xcf ./Core/Src/syscalls.o
 .debug_macro   0x0000000000017a85       0x1c ./Core/Src/syscalls.o
 .debug_macro   0x0000000000017aa1       0x3d ./Core/Src/syscalls.o
 .debug_macro   0x0000000000017ade       0x35 ./Core/Src/syscalls.o
 .debug_macro   0x0000000000017b13      0x12c ./Core/Src/syscalls.o
 .debug_macro   0x0000000000017c3f       0x16 ./Core/Src/syscalls.o
 .debug_macro   0x0000000000017c55       0x16 ./Core/Src/syscalls.o
 .debug_macro   0x0000000000017c6b       0x29 ./Core/Src/syscalls.o
 .debug_macro   0x0000000000017c94       0x10 ./Core/Src/syscalls.o
 .debug_macro   0x0000000000017ca4      0x242 ./Core/Src/syscalls.o
 .debug_macro   0x0000000000017ee6       0x1c ./Core/Src/syscalls.o
 .debug_macro   0x0000000000017f02       0x10 ./Core/Src/syscalls.o
 .debug_macro   0x0000000000017f12      0x18a ./Core/Src/syscalls.o
 .debug_macro   0x000000000001809c       0x16 ./Core/Src/syscalls.o
 .debug_macro   0x00000000000180b2       0xce ./Core/Src/syscalls.o
 .debug_macro   0x0000000000018180       0xff ./Core/Src/sysmem.o
 .debug_macro   0x000000000001827f      0x23c ./Core/Src/sysmem.o
 .debug_macro   0x00000000000184bb      0x1a3 ./Core/Src/system_stm32f1xx.o
 .debug_macro   0x000000000001865e      0x1c7 ./Drivers/STM32F1xx_HAL_Driver/Src/stm32f1xx_hal.o
 .debug_macro   0x0000000000018825      0x1a3 ./Drivers/STM32F1xx_HAL_Driver/Src/stm32f1xx_hal_cortex.o
 .debug_macro   0x00000000000189c8      0x20e ./Drivers/STM32F1xx_HAL_Driver/Src/stm32f1xx_hal_gpio.o
 .debug_macro   0x0000000000018bd6      0x1b5 ./Drivers/STM32F1xx_HAL_Driver/Src/stm32f1xx_hal_rcc.o
 .debug_macro   0x0000000000018d8b      0x1a4 ./Drivers/STM32F1xx_HAL_Driver/Src/stm32f1xx_hal_tim.o
 .debug_macro   0x0000000000018f2f      0x1a3 ./Drivers/STM32F1xx_HAL_Driver/Src/stm32f1xx_hal_tim_ex.o
 .debug_macro   0x00000000000190d2      0x1a4 ./Drivers/STM32F1xx_HAL_Driver/Src/stm32f1xx_hal_uart.o

.debug_line     0x0000000000000000    0x1006b
 .debug_line    0x0000000000000000      0x78c ./Core/Src/button.o
 .debug_line    0x000000000000078c      0xa82 ./Core/Src/fsm_automatic.o
 .debug_line    0x000000000000120e      0x9c7 ./Core/Src/fsm_manual.o
 .debug_line    0x0000000000001bd5      0x98a ./Core/Src/global.o
 .debug_line    0x000000000000255f      0xa95 ./Core/Src/main.o
 .debug_line    0x0000000000002ff4      0x710 ./Core/Src/scheduler.o
 .debug_line    0x0000000000003704       0xa0 ./Core/Src/software_timer.o
 .debug_line    0x00000000000037a4      0x7cb ./Core/Src/stm32f1xx_hal_msp.o
 .debug_line    0x0000000000003f6f      0x7cb ./Core/Src/stm32f1xx_it.o
 .debug_line    0x000000000000473a      0x899 ./Core/Src/syscalls.o
 .debug_line    0x0000000000004fd3      0x56a ./Core/Src/sysmem.o
 .debug_line    0x000000000000553d      0x76f ./Core/Src/system_stm32f1xx.o
 .debug_line    0x0000000000005cac       0x78 ./Core/Startup/startup_stm32f103rbtx.o
 .debug_line    0x0000000000005d24      0x99c ./Drivers/STM32F1xx_HAL_Driver/Src/stm32f1xx_hal.o
 .debug_line    0x00000000000066c0      0xb84 ./Drivers/STM32F1xx_HAL_Driver/Src/stm32f1xx_hal_cortex.o
 .debug_line    0x0000000000007244      0xa35 ./Drivers/STM32F1xx_HAL_Driver/Src/stm32f1xx_hal_gpio.o
 .debug_line    0x0000000000007c79      0xda5 ./Drivers/STM32F1xx_HAL_Driver/Src/stm32f1xx_hal_rcc.o
 .debug_line    0x0000000000008a1e     0x3488 ./Drivers/STM32F1xx_HAL_Driver/Src/stm32f1xx_hal_tim.o
 .debug_line    0x000000000000bea6     0x18fb ./Drivers/STM32F1xx_HAL_Driver/Src/stm32f1xx_hal_tim_ex.o
 .debug_line    0x000000000000d7a1     0x28ca ./Drivers/STM32F1xx_HAL_Driver/Src/stm32f1xx_hal_uart.o

.debug_str      0x0000000000000000    0x8c3d1
 .debug_str     0x0000000000000000    0x83483 ./Core/Src/button.o
                                      0x837d7 (size before relaxing)
 .debug_str     0x0000000000083483     0x3d3b ./Core/Src/fsm_automatic.o
                                      0x8750a (size before relaxing)
 .debug_str     0x00000000000871be       0x7f ./Core/Src/fsm_manual.o
                                      0x86fe8 (size before relaxing)
 .debug_str     0x000000000008723d      0x288 ./Core/Src/global.o
                                      0x87494 (size before relaxing)
 .debug_str     0x00000000000874c5      0x43c ./Core/Src/main.o
                                      0x87adf (size before relaxing)
 .debug_str     0x0000000000087901      0x125 ./Core/Src/scheduler.o
                                       0x3e3d (size before relaxing)
 .debug_str     0x0000000000087a26       0x33 ./Core/Src/software_timer.o
                                       0x2de1 (size before relaxing)
 .debug_str     0x0000000000087a59      0x374 ./Core/Src/stm32f1xx_hal_msp.o
                                      0x8421b (size before relaxing)
 .debug_str     0x0000000000087dcd       0xec ./Core/Src/stm32f1xx_it.o
                                      0x83c55 (size before relaxing)
 .debug_str     0x0000000000087eb9     0x20db ./Core/Src/syscalls.o
                                       0x9848 (size before relaxing)
 .debug_str     0x0000000000089f94       0x6b ./Core/Src/sysmem.o
                                       0x5fff (size before relaxing)
 .debug_str     0x0000000000089fff       0x7e ./Core/Src/system_stm32f1xx.o
                                      0x83606 (size before relaxing)
 .debug_str     0x000000000008a07d       0x34 ./Core/Startup/startup_stm32f103rbtx.o
                                         0x69 (size before relaxing)
 .debug_str     0x000000000008a0b1      0x389 ./Drivers/STM32F1xx_HAL_Driver/Src/stm32f1xx_hal.o
                                      0x83d39 (size before relaxing)
 .debug_str     0x000000000008a43a      0x294 ./Drivers/STM32F1xx_HAL_Driver/Src/stm32f1xx_hal_cortex.o
                                      0x83c85 (size before relaxing)
 .debug_str     0x000000000008a6ce      0x2d5 ./Drivers/STM32F1xx_HAL_Driver/Src/stm32f1xx_hal_gpio.o
                                      0x8398c (size before relaxing)
 .debug_str     0x000000000008a9a3      0x229 ./Drivers/STM32F1xx_HAL_Driver/Src/stm32f1xx_hal_rcc.o
                                      0x83a35 (size before relaxing)
 .debug_str     0x000000000008abcc      0xd4e ./Drivers/STM32F1xx_HAL_Driver/Src/stm32f1xx_hal_tim.o
                                      0x84a27 (size before relaxing)
 .debug_str     0x000000000008b91a      0x493 ./Drivers/STM32F1xx_HAL_Driver/Src/stm32f1xx_hal_tim_ex.o
                                      0x84243 (size before relaxing)
 .debug_str     0x000000000008bdad      0x624 ./Drivers/STM32F1xx_HAL_Driver/Src/stm32f1xx_hal_uart.o
                                      0x840a6 (size before relaxing)

.debug_frame    0x0000000000000000     0x3dcc
 .debug_frame   0x0000000000000000       0x84 ./Core/Src/button.o
 .debug_frame   0x0000000000000084       0x38 ./Core/Src/fsm_automatic.o
 .debug_frame   0x00000000000000bc       0x4c ./Core/Src/fsm_manual.o
 .debug_frame   0x0000000000000108       0xe0 ./Core/Src/global.o
 .debug_frame   0x00000000000001e8      0x130 ./Core/Src/main.o
 .debug_frame   0x0000000000000318       0xe8 ./Core/Src/scheduler.o
 .debug_frame   0x0000000000000400       0x60 ./Core/Src/software_timer.o